
Allocating common symbols
Common symbol       size              file

kbd_buf             0x6c              build/keyboard.o
root_dir            0x208             build/dir.o
thread_ready_list   0x10              build/thread.o
thread_all_list     0x10              build/thread.o
user_pool           0x2c              build/memory.o
channel_cnt         0x1               build/ide.o
cur_part            0x4               build/fs.o
k_block_descs       0xa8              build/memory.o
idle_thread         0x4               build/thread.o
intr_name           0x204             build/interrupt.o
main_thread         0x4               build/thread.o
channels            0xcc0             build/ide.o
ticks               0x4               build/timer.o
kernel_vaddr        0xc               build/memory.o
syscall_table       0x80              build/syscall-init.o
idt_table           0x204             build/interrupt.o
file_table          0x180             build/file.o
partition_list      0x10              build/ide.o
kernel_pool         0x2c              build/memory.o
pid_lock            0x1c              build/thread.o

Discarded input sections

 .note.GNU-stack
                0x0000000000000000        0x0 build/main.o
 .note.GNU-stack
                0x0000000000000000        0x0 build/init.o
 .note.GNU-stack
                0x0000000000000000        0x0 build/interrupt.o
 .note.GNU-stack
                0x0000000000000000        0x0 build/timer.o
 .note.GNU-stack
                0x0000000000000000        0x0 build/debug.o
 .note.GNU-stack
                0x0000000000000000        0x0 build/string.o
 .note.GNU-stack
                0x0000000000000000        0x0 build/bitmap.o
 .note.GNU-stack
                0x0000000000000000        0x0 build/memory.o
 .note.GNU-stack
                0x0000000000000000        0x0 build/thread.o
 .note.GNU-stack
                0x0000000000000000        0x0 build/list.o
 .note.GNU-stack
                0x0000000000000000        0x0 build/sync.o
 .note.GNU-stack
                0x0000000000000000        0x0 build/console.o
 .note.GNU-stack
                0x0000000000000000        0x0 build/keyboard.o
 .note.GNU-stack
                0x0000000000000000        0x0 build/ioqueue.o
 .note.GNU-stack
                0x0000000000000000        0x0 build/tss.o
 .note.GNU-stack
                0x0000000000000000        0x0 build/process.o
 .note.GNU-stack
                0x0000000000000000        0x0 build/syscall.o
 .note.GNU-stack
                0x0000000000000000        0x0 build/syscall-init.o
 .note.GNU-stack
                0x0000000000000000        0x0 build/stdio.o
 .note.GNU-stack
                0x0000000000000000        0x0 build/stdio-kernel.o
 .note.GNU-stack
                0x0000000000000000        0x0 build/ide.o
 .note.GNU-stack
                0x0000000000000000        0x0 build/fs.o
 .note.GNU-stack
                0x0000000000000000        0x0 build/inode.o
 .note.GNU-stack
                0x0000000000000000        0x0 build/file.o
 .note.GNU-stack
                0x0000000000000000        0x0 build/dir.o

Memory Configuration

Name             Origin             Length             Attributes
*default*        0x0000000000000000 0xffffffffffffffff

Linker script and memory map

Address of section .text set to 0xc0001500
LOAD build/main.o
LOAD build/init.o
LOAD build/interrupt.o
LOAD build/timer.o
LOAD build/kernel.o
LOAD build/print.o
LOAD build/debug.o
LOAD build/string.o
LOAD build/bitmap.o
LOAD build/memory.o
LOAD build/thread.o
LOAD build/list.o
LOAD build/switch.o
LOAD build/sync.o
LOAD build/console.o
LOAD build/keyboard.o
LOAD build/ioqueue.o
LOAD build/tss.o
LOAD build/process.o
LOAD build/syscall.o
LOAD build/syscall-init.o
LOAD build/stdio.o
LOAD build/stdio-kernel.o
LOAD build/ide.o
LOAD build/fs.o
LOAD build/inode.o
LOAD build/file.o
LOAD build/dir.o
                [!provide]                        PROVIDE (__executable_start = SEGMENT_START ("text-segment", 0x8048000))
                0x0000000008048094                . = (SEGMENT_START ("text-segment", 0x8048000) + SIZEOF_HEADERS)

.interp
 *(.interp)

.note.gnu.build-id
 *(.note.gnu.build-id)

.hash
 *(.hash)

.gnu.hash
 *(.gnu.hash)

.dynsym
 *(.dynsym)

.dynstr
 *(.dynstr)

.gnu.version
 *(.gnu.version)

.gnu.version_d
 *(.gnu.version_d)

.gnu.version_r
 *(.gnu.version_r)

.rel.dyn        0x0000000008048094        0x0
 *(.rel.init)
 *(.rel.text .rel.text.* .rel.gnu.linkonce.t.*)
 .rel.text      0x0000000008048094        0x0 build/main.o
 *(.rel.fini)
 *(.rel.rodata .rel.rodata.* .rel.gnu.linkonce.r.*)
 *(.rel.data.rel.ro .rel.data.rel.ro.* .rel.gnu.linkonce.d.rel.ro.*)
 *(.rel.data .rel.data.* .rel.gnu.linkonce.d.*)
 *(.rel.tdata .rel.tdata.* .rel.gnu.linkonce.td.*)
 *(.rel.tbss .rel.tbss.* .rel.gnu.linkonce.tb.*)
 *(.rel.ctors)
 *(.rel.dtors)
 *(.rel.got)
 .rel.got       0x0000000008048094        0x0 build/main.o
 *(.rel.bss .rel.bss.* .rel.gnu.linkonce.b.*)
 *(.rel.ifunc)

.rel.plt        0x0000000008048094        0x0
 *(.rel.plt)
                [!provide]                        PROVIDE (__rel_iplt_start = .)
 *(.rel.iplt)
 .rel.iplt      0x0000000008048094        0x0 build/main.o
                [!provide]                        PROVIDE (__rel_iplt_end = .)

.init
 *(SORT_NONE(.init))

.plt            0x0000000008048098        0x0
 *(.plt)
 *(.iplt)
 .iplt          0x0000000008048098        0x0 build/main.o

.plt.got
 *(.plt.got)

.plt.sec
 *(.plt.sec)

.text           0x00000000c0001500     0x98cd
 *(.text.unlikely .text.*_unlikely .text.unlikely.*)
 *(.text.exit .text.exit.*)
 *(.text.startup .text.startup.*)
 *(.text.hot .text.hot.*)
 *(.text .stub .text.* .gnu.linkonce.t.*)
 .text          0x00000000c0001500       0xa9 build/main.o
                0x00000000c0001500                main
 .text          0x00000000c00015a9       0x4b build/init.o
                0x00000000c00015a9                init_all
 .text          0x00000000c00015f4      0x47b build/interrupt.o
                0x00000000c0001965                intr_get_status
                0x00000000c0001988                intr_enable
                0x00000000c00019b1                intr_disable
                0x00000000c00019da                intr_set_status
                0x00000000c00019f5                register_handler
                0x00000000c0001a11                idt_init
 .text          0x00000000c0001a6f      0x132 build/timer.o
                0x00000000c0001af1                timer_init
                0x00000000c0001b49                mtime_sleep
 *fill*         0x00000000c0001ba1        0xf 
 .text          0x00000000c0001bb0      0x55b build/kernel.o
                0x00000000c0001bb0                intr_exit
                0x00000000c00020e7                syscall_handler
 *fill*         0x00000000c000210b        0x5 
 .text          0x00000000c0002110      0x172 build/print.o
                0x00000000c0002110                put_str
                0x00000000c000212e                put_char
                0x00000000c00021fb                put_int
                0x00000000c000225e                set_cursor
 .text          0x00000000c0002282       0xa5 build/debug.o
                0x00000000c0002282                panic_spin
 .text          0x00000000c0002327      0x454 build/string.o
                0x00000000c0002327                memset
                0x00000000c0002383                memcpy
                0x00000000c00023eb                memcmp
                0x00000000c0002481                strcpy
                0x00000000c00024e4                strlen
                0x00000000c000253e                strcmp
                0x00000000c00025c5                strchr
                0x00000000c000262b                strrchr
                0x00000000c0002694                strcat
                0x00000000c000270e                strchrs
 .text          0x00000000c000277b      0x270 build/bitmap.o
                0x00000000c000277b                bitmap_init
                0x00000000c00027a2                bitmap_scan_test
                0x00000000c00027e4                bitmap_scan
                0x00000000c0002932                bitmap_set
 .text          0x00000000c00029eb     0x1110 build/memory.o
                0x00000000c0002d3a                pde_ptr
                0x00000000c0002d56                pte_ptr
                0x00000000c0002ec1                malloc_page
                0x00000000c0002f8b                get_kernel_pages
                0x00000000c0002fe7                get_user_pages
                0x00000000c000303d                get_a_page
                0x00000000c00031b9                block_desc_init
                0x00000000c000325e                sys_malloc
                0x00000000c000356e                pfree
                0x00000000c00036b6                mfree_page
                0x00000000c000388b                sys_free
                0x00000000c0003a8c                mem_init
                0x00000000c0003acd                addr_v2p
 .text          0x00000000c0003afb      0x721 build/thread.o
                0x00000000c0003b11                running_thread
                0x00000000c0003b5b                init_thread
                0x00000000c0003c70                thread_create
                0x00000000c0003ce7                thread_start
                0x00000000c0003e62                thread_init
                0x00000000c0003ed4                schedule
                0x00000000c0004024                thread_block
                0x00000000c000408b                thread_unblock
                0x00000000c0004196                thread_yield
 .text          0x00000000c000421c      0x1e4 build/list.o
                0x00000000c000421c                list_init
                0x00000000c0004249                list_insert_before
                0x00000000c000428a                list_push
                0x00000000c00042a7                list_append
                0x00000000c00042c4                list_remove
                0x00000000c00042fa                list_pop
                0x00000000c0004319                elem_find
                0x00000000c0004354                list_traversal
                0x00000000c00043b2                list_len
                0x00000000c00043e7                list_empty
 .text          0x00000000c0004400       0x15 build/switch.o
                0x00000000c0004400                switch_to
 .text          0x00000000c0004415      0x347 build/sync.o
                0x00000000c0004415                sema_init
                0x00000000c000443a                lock_init
                0x00000000c000446b                sema_down
                0x00000000c000457f                sema_up
                0x00000000c0004635                lock_acquire
                0x00000000c00046b1                lock_release
 .text          0x00000000c000475c       0x9a build/console.o
                0x00000000c000475c                console_init
                0x00000000c0004770                console_acquire
                0x00000000c0004784                console_release
                0x00000000c0004798                console_put_str
                0x00000000c00047b5                console_put_char
                0x00000000c00047d9                console_put_int
 .text          0x00000000c00047f6      0x2d3 build/keyboard.o
                0x00000000c0004a89                keyboard_init
 .text          0x00000000c0004ac9      0x2f1 build/ioqueue.o
                0x00000000c0004ac9                ioqueue_init
                0x00000000c0004b26                ioq_full
                0x00000000c0004b77                ioq_empty
                0x00000000c0004c5c                ioq_getchar
                0x00000000c0004d0a                ioq_putchar
 .text          0x00000000c0004dba      0x1ae build/tss.o
                0x00000000c0004dba                update_tss_esp
                0x00000000c0004e35                tss_init
 .text          0x00000000c0004f68      0x367 build/process.o
                0x00000000c0004f68                create_user_vaddr_bitmap
                0x00000000c0004fac                create_page_dir
                0x00000000c000501d                page_dir_activate
                0x00000000c000504d                process_activate
                0x00000000c000509f                start_process
                0x00000000c00051a5                process_execute
 .text          0x00000000c00052cf       0x73 build/syscall.o
                0x00000000c00052cf                getpid
                0x00000000c00052e4                write
                0x00000000c0005307                malloc
                0x00000000c0005326                free
 .text          0x00000000c0005342       0x5c build/syscall-init.o
                0x00000000c0005342                sys_getpid
                0x00000000c0005356                syscall_init
 .text          0x00000000c000539e      0x2ba build/stdio.o
                0x00000000c0005424                vsprintf
                0x00000000c00055a8                printf
                0x00000000c0005624                sprintf
 .text          0x00000000c0005658       0x62 build/stdio-kernel.o
                0x00000000c0005658                printk
 .text          0x00000000c00056ba      0xe01 build/ide.o
                0x00000000c00059d4                ide_read
                0x00000000c0005b66                ide_write
                0x00000000c0005cf8                intr_hd_handler
                0x00000000c00062bd                ide_init
 .text          0x00000000c00064bb     0x1fec build/fs.o
                0x00000000c0006be6                filesys_init
                0x00000000c0006e33                path_depth_cnt
                0x00000000c000715b                sys_open
                0x00000000c0007404                sys_close
                0x00000000c0007459                sys_write
                0x00000000c0007543                sys_read
                0x00000000c00075c4                sys_lseek
                0x00000000c00076ac                sys_unlink
                0x00000000c00078cd                sys_mkdir
                0x00000000c0007cfa                sys_opendir
                0x00000000c0007e12                sys_closedir
                0x00000000c0007e3c                sys_readdir
                0x00000000c0007e79                sys_rewinddir
                0x00000000c0007e88                sys_rmdir
                0x00000000c0008232                sys_getcwd
                0x00000000c000841c                sys_chdir
 .text          0x00000000c00084a7      0x808 build/inode.o
                0x00000000c000854b                inode_sync
                0x00000000c00086b5                inode_open
                0x00000000c000880e                inode_close
                0x00000000c000887f                inode_init
                0x00000000c00088ce                inode_delete
                0x00000000c0008a30                inode_release
 .text          0x00000000c0008caf     0x11ce build/file.o
                0x00000000c0008caf                get_free_slot_in_global
                0x00000000c0008cff                pcb_fd_install
                0x00000000c0008d62                inode_bitmap_alloc
                0x00000000c0008db0                block_bitmap_alloc
                0x00000000c0008e0a                bitmap_sync
                0x00000000c0008e95                file_create
                0x00000000c000915f                file_open
                0x00000000c000927e                file_close
                0x00000000c00092bd                file_write
                0x00000000c0009aa4                file_read
 .text          0x00000000c0009e7d      0xf50 build/dir.o
                0x00000000c0009e7d                open_root_dir
                0x00000000c0009eac                dir_open
                0x00000000c0009ee7                search_dir_entry
                0x00000000c000a0b7                dir_close
                0x00000000c000a0e3                create_dir_entry
                0x00000000c000a159                sync_dir_entry
                0x00000000c000a606                delete_dir_entry
                0x00000000c000aacd                dir_read
                0x00000000c000acd9                dir_is_empty
                0x00000000c000ad04                dir_remove
 *(.gnu.warning)

.fini
 *(SORT_NONE(.fini))
                [!provide]                        PROVIDE (__etext = .)
                [!provide]                        PROVIDE (_etext = .)
                [!provide]                        PROVIDE (etext = .)

.rodata         0x00000000c000add0     0x201f
 *(.rodata .rodata.* .gnu.linkonce.r.*)
 .rodata        0x00000000c000add0       0x2b build/main.o
 .rodata        0x00000000c000adfb        0xa build/init.o
 *fill*         0x00000000c000ae05        0x3 
 .rodata        0x00000000c000ae08      0x2cd build/interrupt.o
 *fill*         0x00000000c000b0d5        0x3 
 .rodata        0x00000000c000b0d8       0x87 build/timer.o
 .rodata        0x00000000c000b15f       0x3f build/debug.o
 .rodata        0x00000000c000b19e       0xb9 build/string.o
 *fill*         0x00000000c000b257        0x1 
 .rodata        0x00000000c000b258       0x68 build/bitmap.o
 .rodata        0x00000000c000b2c0      0x3bc build/memory.o
 .rodata        0x00000000c000b67c      0x2d2 build/thread.o
 *fill*         0x00000000c000b94e        0x2 
 .rodata        0x00000000c000b950      0x12f build/sync.o
 .rodata        0x00000000c000ba7f       0x36 build/keyboard.o
 *fill*         0x00000000c000bab5        0x3 
 .rodata        0x00000000c000bab8       0x9d build/ioqueue.o
 .rodata        0x00000000c000bb55       0x27 build/tss.o
 .rodata        0x00000000c000bb7c       0xdd build/process.o
 .rodata        0x00000000c000bc59       0x27 build/syscall-init.o
 .rodata        0x00000000c000bc80      0x1f4 build/ide.o
 .rodata        0x00000000c000be74      0x887 build/fs.o
 *fill*         0x00000000c000c6fb        0x1 
 .rodata        0x00000000c000c6fc       0xbb build/inode.o
 *fill*         0x00000000c000c7b7        0x1 
 .rodata        0x00000000c000c7b8      0x434 build/file.o
 .rodata        0x00000000c000cbec      0x203 build/dir.o

.rodata1
 *(.rodata1)

.eh_frame_hdr
 *(.eh_frame_hdr)
 *(.eh_frame_entry .eh_frame_entry.*)

.eh_frame
 *(.eh_frame)
 *(.eh_frame.*)

.gcc_except_table
 *(.gcc_except_table .gcc_except_table.*)

.gnu_extab
 *(.gnu_extab*)

.exception_ranges
 *(.exception_ranges .exception_ranges*)
                0x00000000c000d000                . = DATA_SEGMENT_ALIGN (CONSTANT (MAXPAGESIZE), CONSTANT (COMMONPAGESIZE))

.eh_frame
 *(.eh_frame)
 *(.eh_frame.*)

.gnu_extab
 *(.gnu_extab)

.gcc_except_table
 *(.gcc_except_table .gcc_except_table.*)

.exception_ranges
 *(.exception_ranges .exception_ranges*)

.tdata
 *(.tdata .tdata.* .gnu.linkonce.td.*)

.tbss
 *(.tbss .tbss.* .gnu.linkonce.tb.*)
 *(.tcommon)

.preinit_array  0x00000000c000d000        0x0
                [!provide]                        PROVIDE (__preinit_array_start = .)
 *(.preinit_array)
                [!provide]                        PROVIDE (__preinit_array_end = .)

.init_array     0x00000000c000d000        0x0
                [!provide]                        PROVIDE (__init_array_start = .)
 *(SORT_BY_INIT_PRIORITY(.init_array.*) SORT_BY_INIT_PRIORITY(.ctors.*))
 *(.init_array EXCLUDE_FILE(*crtend?.o *crtend.o *crtbegin?.o *crtbegin.o) .ctors)
                [!provide]                        PROVIDE (__init_array_end = .)

.fini_array     0x00000000c000d000        0x0
                [!provide]                        PROVIDE (__fini_array_start = .)
 *(SORT_BY_INIT_PRIORITY(.fini_array.*) SORT_BY_INIT_PRIORITY(.dtors.*))
 *(.fini_array EXCLUDE_FILE(*crtend?.o *crtend.o *crtbegin?.o *crtbegin.o) .dtors)
                [!provide]                        PROVIDE (__fini_array_end = .)

.ctors
 *crtbegin.o(.ctors)
 *crtbegin?.o(.ctors)
 *(EXCLUDE_FILE(*crtend?.o *crtend.o) .ctors)
 *(SORT_BY_NAME(.ctors.*))
 *(.ctors)

.dtors
 *crtbegin.o(.dtors)
 *crtbegin?.o(.dtors)
 *(EXCLUDE_FILE(*crtend?.o *crtend.o) .dtors)
 *(SORT_BY_NAME(.dtors.*))
 *(.dtors)

.jcr
 *(.jcr)

.data.rel.ro
 *(.data.rel.ro.local* .gnu.linkonce.d.rel.ro.local.*)
 *(.data.rel.ro .data.rel.ro.* .gnu.linkonce.d.rel.ro.*)

.dynamic
 *(.dynamic)

.got            0x00000000c000d000        0x0
 *(.got)
 .got           0x00000000c000d000        0x0 build/main.o
 *(.igot)
                0x00000000c000d000                . = DATA_SEGMENT_RELRO_END (., (SIZEOF (.got.plt) >= 0xc)?0xc:0x0)

.got.plt        0x00000000c000d000        0x0
 *(.got.plt)
 .got.plt       0x00000000c000d000        0x0 build/main.o
 *(.igot.plt)
 .igot.plt      0x00000000c000d000        0x0 build/main.o

.data           0x00000000c000d000      0x156
 *(.data .data.* .gnu.linkonce.d.*)
 .data          0x00000000c000d000        0x0 build/main.o
 .data          0x00000000c000d000        0x0 build/init.o
 .data          0x00000000c000d000        0x0 build/interrupt.o
 .data          0x00000000c000d000        0x0 build/timer.o
 .data          0x00000000c000d000       0xc0 build/kernel.o
                0x00000000c000d000                intr_entry_table
 .data          0x00000000c000d0c0        0x8 build/print.o
 .data          0x00000000c000d0c8        0x0 build/debug.o
 .data          0x00000000c000d0c8        0x0 build/string.o
 .data          0x00000000c000d0c8        0x0 build/bitmap.o
 .data          0x00000000c000d0c8        0x0 build/memory.o
 .data          0x00000000c000d0c8        0x0 build/thread.o
 .data          0x00000000c000d0c8        0x0 build/list.o
 .data          0x00000000c000d0c8        0x0 build/sync.o
 .data          0x00000000c000d0c8        0x0 build/console.o
 *fill*         0x00000000c000d0c8       0x18 
 .data          0x00000000c000d0e0       0x76 build/keyboard.o
                0x00000000c000d0e0                keymap
 .data          0x00000000c000d156        0x0 build/ioqueue.o
 .data          0x00000000c000d156        0x0 build/tss.o
 .data          0x00000000c000d156        0x0 build/process.o
 .data          0x00000000c000d156        0x0 build/syscall.o
 .data          0x00000000c000d156        0x0 build/syscall-init.o
 .data          0x00000000c000d156        0x0 build/stdio.o
 .data          0x00000000c000d156        0x0 build/stdio-kernel.o
 .data          0x00000000c000d156        0x0 build/ide.o
 .data          0x00000000c000d156        0x0 build/fs.o
 .data          0x00000000c000d156        0x0 build/inode.o
 .data          0x00000000c000d156        0x0 build/file.o
 .data          0x00000000c000d156        0x0 build/dir.o

.data1
 *(.data1)
                0x00000000c000d156                _edata = .
                [!provide]                        PROVIDE (edata = .)
                0x00000000c000d156                . = .
                0x00000000c000d156                __bss_start = .

.bss            0x00000000c000d160     0x1c08
 *(.dynbss)
 *(.bss .bss.* .gnu.linkonce.b.*)
 .bss           0x00000000c000d160        0x0 build/main.o
 .bss           0x00000000c000d160        0x0 build/init.o
 .bss           0x00000000c000d160      0x408 build/interrupt.o
 .bss           0x00000000c000d568        0x0 build/timer.o
 .bss           0x00000000c000d568        0x0 build/debug.o
 .bss           0x00000000c000d568        0x0 build/string.o
 .bss           0x00000000c000d568        0x0 build/bitmap.o
 .bss           0x00000000c000d568        0x0 build/memory.o
 .bss           0x00000000c000d568        0x6 build/thread.o
 .bss           0x00000000c000d56e        0x0 build/list.o
 .bss           0x00000000c000d56e        0x0 build/sync.o
 *fill*         0x00000000c000d56e        0x2 
 .bss           0x00000000c000d570       0x1c build/console.o
 .bss           0x00000000c000d58c       0x14 build/keyboard.o
                0x00000000c000d58c                ctrl_status
                0x00000000c000d590                shift_status
                0x00000000c000d594                alt_status
                0x00000000c000d598                caps_lock_status
                0x00000000c000d59c                ext_scancode
 .bss           0x00000000c000d5a0        0x0 build/ioqueue.o
 .bss           0x00000000c000d5a0       0x68 build/tss.o
 .bss           0x00000000c000d608        0x0 build/process.o
 .bss           0x00000000c000d608        0x0 build/syscall.o
 .bss           0x00000000c000d608        0x0 build/syscall-init.o
 .bss           0x00000000c000d608        0x0 build/stdio.o
 .bss           0x00000000c000d608        0x0 build/stdio-kernel.o
 .bss           0x00000000c000d608        0x6 build/ide.o
                0x00000000c000d608                ext_lba_base
                0x00000000c000d60c                p_no
                0x00000000c000d60d                l_no
 .bss           0x00000000c000d60e        0x0 build/fs.o
 .bss           0x00000000c000d60e        0x0 build/inode.o
 .bss           0x00000000c000d60e        0x0 build/file.o
 .bss           0x00000000c000d60e        0x0 build/dir.o
 *(COMMON)
 *fill*         0x00000000c000d60e       0x12 
 COMMON         0x00000000c000d620      0x424 build/interrupt.o
                0x00000000c000d620                intr_name
                0x00000000c000d840                idt_table
 COMMON         0x00000000c000da44        0x4 build/timer.o
                0x00000000c000da44                ticks
 *fill*         0x00000000c000da48       0x18 
 COMMON         0x00000000c000da60      0x12c build/memory.o
                0x00000000c000da60                user_pool
                0x00000000c000daa0                k_block_descs
                0x00000000c000db48                kernel_vaddr
                0x00000000c000db60                kernel_pool
 COMMON         0x00000000c000db8c       0x44 build/thread.o
                0x00000000c000db8c                thread_ready_list
                0x00000000c000db9c                thread_all_list
                0x00000000c000dbac                idle_thread
                0x00000000c000dbb0                main_thread
                0x00000000c000dbb4                pid_lock
 *fill*         0x00000000c000dbd0       0x10 
 COMMON         0x00000000c000dbe0       0x6c build/keyboard.o
                0x00000000c000dbe0                kbd_buf
 *fill*         0x00000000c000dc4c       0x14 
 COMMON         0x00000000c000dc60       0x80 build/syscall-init.o
                0x00000000c000dc60                syscall_table
 COMMON         0x00000000c000dce0      0xcf0 build/ide.o
                0x00000000c000dce0                channel_cnt
                0x00000000c000dd00                channels
                0x00000000c000e9c0                partition_list
 COMMON         0x00000000c000e9d0        0x4 build/fs.o
                0x00000000c000e9d0                cur_part
 *fill*         0x00000000c000e9d4        0xc 
 COMMON         0x00000000c000e9e0      0x180 build/file.o
                0x00000000c000e9e0                file_table
 COMMON         0x00000000c000eb60      0x208 build/dir.o
                0x00000000c000eb60                root_dir
                0x00000000c000ed68                . = ALIGN ((. != 0x0)?0x4:0x1)
                0x00000000c000ed68                . = ALIGN (0x4)
                0x00000000c000ed68                . = SEGMENT_START ("ldata-segment", .)
                0x00000000c000ed68                . = ALIGN (0x4)
                0x00000000c000ed68                _end = .
                [!provide]                        PROVIDE (end = .)
                0x00000000c000ed68                . = DATA_SEGMENT_END (.)

.stab           0x0000000000000000      0xac8
 *(.stab)
 .stab          0x0000000000000000      0x36c build/kernel.o
 .stab          0x000000000000036c      0x6a8 build/print.o
                                        0x6b4 (size before relaxing)
 .stab          0x0000000000000a14       0xb4 build/switch.o
                                         0xc0 (size before relaxing)

.stabstr        0x0000000000000000       0x34
 *(.stabstr)
 .stabstr       0x0000000000000000       0x34 build/kernel.o

.stab.excl
 *(.stab.excl)

.stab.exclstr
 *(.stab.exclstr)

.stab.index
 *(.stab.index)

.stab.indexstr
 *(.stab.indexstr)

.comment        0x0000000000000000       0x2a
 *(.comment)
 .comment       0x0000000000000000       0x2a build/main.o
                                         0x2b (size before relaxing)
 .comment       0x000000000000002a       0x2b build/init.o
 .comment       0x000000000000002a       0x2b build/interrupt.o
 .comment       0x000000000000002a       0x2b build/timer.o
 .comment       0x000000000000002a       0x2b build/debug.o
 .comment       0x000000000000002a       0x2b build/string.o
 .comment       0x000000000000002a       0x2b build/bitmap.o
 .comment       0x000000000000002a       0x2b build/memory.o
 .comment       0x000000000000002a       0x2b build/thread.o
 .comment       0x000000000000002a       0x2b build/list.o
 .comment       0x000000000000002a       0x2b build/sync.o
 .comment       0x000000000000002a       0x2b build/console.o
 .comment       0x000000000000002a       0x2b build/keyboard.o
 .comment       0x000000000000002a       0x2b build/ioqueue.o
 .comment       0x000000000000002a       0x2b build/tss.o
 .comment       0x000000000000002a       0x2b build/process.o
 .comment       0x000000000000002a       0x2b build/syscall.o
 .comment       0x000000000000002a       0x2b build/syscall-init.o
 .comment       0x000000000000002a       0x2b build/stdio.o
 .comment       0x000000000000002a       0x2b build/stdio-kernel.o
 .comment       0x000000000000002a       0x2b build/ide.o
 .comment       0x000000000000002a       0x2b build/fs.o
 .comment       0x000000000000002a       0x2b build/inode.o
 .comment       0x000000000000002a       0x2b build/file.o
 .comment       0x000000000000002a       0x2b build/dir.o

.debug
 *(.debug)

.line
 *(.line)

.debug_srcinfo
 *(.debug_srcinfo)

.debug_sfnames
 *(.debug_sfnames)

.debug_aranges  0x0000000000000000      0x320
 *(.debug_aranges)
 .debug_aranges
                0x0000000000000000       0x20 build/main.o
 .debug_aranges
                0x0000000000000020       0x20 build/init.o
 .debug_aranges
                0x0000000000000040       0x20 build/interrupt.o
 .debug_aranges
                0x0000000000000060       0x20 build/timer.o
 .debug_aranges
                0x0000000000000080       0x20 build/debug.o
 .debug_aranges
                0x00000000000000a0       0x20 build/string.o
 .debug_aranges
                0x00000000000000c0       0x20 build/bitmap.o
 .debug_aranges
                0x00000000000000e0       0x20 build/memory.o
 .debug_aranges
                0x0000000000000100       0x20 build/thread.o
 .debug_aranges
                0x0000000000000120       0x20 build/list.o
 .debug_aranges
                0x0000000000000140       0x20 build/sync.o
 .debug_aranges
                0x0000000000000160       0x20 build/console.o
 .debug_aranges
                0x0000000000000180       0x20 build/keyboard.o
 .debug_aranges
                0x00000000000001a0       0x20 build/ioqueue.o
 .debug_aranges
                0x00000000000001c0       0x20 build/tss.o
 .debug_aranges
                0x00000000000001e0       0x20 build/process.o
 .debug_aranges
                0x0000000000000200       0x20 build/syscall.o
 .debug_aranges
                0x0000000000000220       0x20 build/syscall-init.o
 .debug_aranges
                0x0000000000000240       0x20 build/stdio.o
 .debug_aranges
                0x0000000000000260       0x20 build/stdio-kernel.o
 .debug_aranges
                0x0000000000000280       0x20 build/ide.o
 .debug_aranges
                0x00000000000002a0       0x20 build/fs.o
 .debug_aranges
                0x00000000000002c0       0x20 build/inode.o
 .debug_aranges
                0x00000000000002e0       0x20 build/file.o
 .debug_aranges
                0x0000000000000300       0x20 build/dir.o

.debug_pubnames
                0x0000000000000000      0xc0d
 *(.debug_pubnames)
 .debug_pubnames
                0x0000000000000000       0x1b build/main.o
 .debug_pubnames
                0x000000000000001b       0x1f build/init.o
 .debug_pubnames
                0x000000000000003a       0x99 build/interrupt.o
 .debug_pubnames
                0x00000000000000d3       0x3b build/timer.o
 .debug_pubnames
                0x000000000000010e       0x21 build/debug.o
 .debug_pubnames
                0x000000000000012f       0x82 build/string.o
 .debug_pubnames
                0x00000000000001b1       0x56 build/bitmap.o
 .debug_pubnames
                0x0000000000000207      0x115 build/memory.o
 .debug_pubnames
                0x000000000000031c      0x101 build/thread.o
 .debug_pubnames
                0x000000000000041d       0xaf build/list.o
 .debug_pubnames
                0x00000000000004cc       0x6a build/sync.o
 .debug_pubnames
                0x0000000000000536       0x88 build/console.o
 .debug_pubnames
                0x00000000000005be       0x91 build/keyboard.o
 .debug_pubnames
                0x000000000000064f       0x5e build/ioqueue.o
 .debug_pubnames
                0x00000000000006ad       0x32 build/tss.o
 .debug_pubnames
                0x00000000000006df       0x94 build/process.o
 .debug_pubnames
                0x0000000000000773       0x3b build/syscall.o
 .debug_pubnames
                0x00000000000007ae       0x44 build/syscall-init.o
 .debug_pubnames
                0x00000000000007f2       0x36 build/stdio.o
 .debug_pubnames
                0x0000000000000828       0x1d build/stdio-kernel.o
 .debug_pubnames
                0x0000000000000845       0xa1 build/ide.o
 .debug_pubnames
                0x00000000000008e6      0x112 build/fs.o
 .debug_pubnames
                0x00000000000009f8       0x72 build/inode.o
 .debug_pubnames
                0x0000000000000a6a       0xd8 build/file.o
 .debug_pubnames
                0x0000000000000b42       0xcb build/dir.o

.debug_info     0x0000000000000000     0x9773
 *(.debug_info .gnu.linkonce.wi.*)
 .debug_info    0x0000000000000000       0xa0 build/main.o
 .debug_info    0x00000000000000a0       0x7d build/init.o
 .debug_info    0x000000000000011d      0x3ca build/interrupt.o
 .debug_info    0x00000000000004e7      0x3e5 build/timer.o
 .debug_info    0x00000000000008cc       0xc8 build/debug.o
 .debug_info    0x0000000000000994      0x485 build/string.o
 .debug_info    0x0000000000000e19      0x274 build/bitmap.o
 .debug_info    0x000000000000108d      0xd71 build/memory.o
 .debug_info    0x0000000000001dfe      0x815 build/thread.o
 .debug_info    0x0000000000002613      0x35c build/list.o
 .debug_info    0x000000000000296f      0x51d build/sync.o
 .debug_info    0x0000000000002e8c      0x410 build/console.o
 .debug_info    0x000000000000329c      0x512 build/keyboard.o
 .debug_info    0x00000000000037ae      0x5ff build/ioqueue.o
 .debug_info    0x0000000000003dad      0x5bb build/tss.o
 .debug_info    0x0000000000004368      0x601 build/process.o
 .debug_info    0x0000000000004969      0x1b7 build/syscall.o
 .debug_info    0x0000000000004b20       0xf5 build/syscall-init.o
 .debug_info    0x0000000000004c15      0x241 build/stdio.o
 .debug_info    0x0000000000004e56       0xdb build/stdio-kernel.o
 .debug_info    0x0000000000004f31      0xd8d build/ide.o
 .debug_info    0x0000000000005cbe     0x15c2 build/fs.o
 .debug_info    0x0000000000007280      0xa89 build/inode.o
 .debug_info    0x0000000000007d09      0xd57 build/file.o
 .debug_info    0x0000000000008a60      0xd13 build/dir.o

.debug_abbrev   0x0000000000000000     0x1d6b
 *(.debug_abbrev)
 .debug_abbrev  0x0000000000000000       0x6b build/main.o
 .debug_abbrev  0x000000000000006b       0x48 build/init.o
 .debug_abbrev  0x00000000000000b3      0x148 build/interrupt.o
 .debug_abbrev  0x00000000000001fb      0x133 build/timer.o
 .debug_abbrev  0x000000000000032e       0x60 build/debug.o
 .debug_abbrev  0x000000000000038e       0xe7 build/string.o
 .debug_abbrev  0x0000000000000475       0xea build/bitmap.o
 .debug_abbrev  0x000000000000055f      0x208 build/memory.o
 .debug_abbrev  0x0000000000000767      0x198 build/thread.o
 .debug_abbrev  0x00000000000008ff       0xfc build/list.o
 .debug_abbrev  0x00000000000009fb      0x101 build/sync.o
 .debug_abbrev  0x0000000000000afc      0x108 build/console.o
 .debug_abbrev  0x0000000000000c04      0x12f build/keyboard.o
 .debug_abbrev  0x0000000000000d33      0x14c build/ioqueue.o
 .debug_abbrev  0x0000000000000e7f      0x122 build/tss.o
 .debug_abbrev  0x0000000000000fa1      0x13f build/process.o
 .debug_abbrev  0x00000000000010e0       0xc8 build/syscall.o
 .debug_abbrev  0x00000000000011a8       0xae build/syscall-init.o
 .debug_abbrev  0x0000000000001256       0xe8 build/stdio.o
 .debug_abbrev  0x000000000000133e       0xab build/stdio-kernel.o
 .debug_abbrev  0x00000000000013e9      0x23f build/ide.o
 .debug_abbrev  0x0000000000001628      0x22f build/fs.o
 .debug_abbrev  0x0000000000001857      0x16e build/inode.o
 .debug_abbrev  0x00000000000019c5      0x1e0 build/file.o
 .debug_abbrev  0x0000000000001ba5      0x1c6 build/dir.o

.debug_line     0x0000000000000000     0x1c90
 *(.debug_line .debug_line.* .debug_line_end)
 .debug_line    0x0000000000000000       0x4b build/main.o
 .debug_line    0x000000000000004b       0x4a build/init.o
 .debug_line    0x0000000000000095       0xfd build/interrupt.o
 .debug_line    0x0000000000000192       0xb3 build/timer.o
 .debug_line    0x0000000000000245       0x4b build/debug.o
 .debug_line    0x0000000000000290       0xbf build/string.o
 .debug_line    0x000000000000034f       0xa1 build/bitmap.o
 .debug_line    0x00000000000003f0      0x257 build/memory.o
 .debug_line    0x0000000000000647      0x14c build/thread.o
 .debug_line    0x0000000000000793       0xb0 build/list.o
 .debug_line    0x0000000000000843       0xee build/sync.o
 .debug_line    0x0000000000000931       0xb6 build/console.o
 .debug_line    0x00000000000009e7      0x12f build/keyboard.o
 .debug_line    0x0000000000000b16      0x102 build/ioqueue.o
 .debug_line    0x0000000000000c18       0xc4 build/tss.o
 .debug_line    0x0000000000000cdc       0xf8 build/process.o
 .debug_line    0x0000000000000dd4       0x6c build/syscall.o
 .debug_line    0x0000000000000e40       0x77 build/syscall-init.o
 .debug_line    0x0000000000000eb7       0x9c build/stdio.o
 .debug_line    0x0000000000000f53       0x60 build/stdio-kernel.o
 .debug_line    0x0000000000000fb3      0x207 build/ide.o
 .debug_line    0x00000000000011ba      0x3f3 build/fs.o
 .debug_line    0x00000000000015ad      0x1ab build/inode.o
 .debug_line    0x0000000000001758      0x2ba build/file.o
 .debug_line    0x0000000000001a12      0x27e build/dir.o

.debug_frame    0x0000000000000000     0x1448
 *(.debug_frame)
 .debug_frame   0x0000000000000000       0x38 build/main.o
 .debug_frame   0x0000000000000038       0x2c build/init.o
 .debug_frame   0x0000000000000064      0x13c build/interrupt.o
 .debug_frame   0x00000000000001a0       0x74 build/timer.o
 .debug_frame   0x0000000000000214       0x2c build/debug.o
 .debug_frame   0x0000000000000240      0x104 build/string.o
 .debug_frame   0x0000000000000344       0x88 build/bitmap.o
 .debug_frame   0x00000000000003cc      0x20c build/memory.o
 .debug_frame   0x00000000000005d8      0x14c build/thread.o
 .debug_frame   0x0000000000000724      0x104 build/list.o
 .debug_frame   0x0000000000000828       0xac build/sync.o
 .debug_frame   0x00000000000008d4       0xa4 build/console.o
 .debug_frame   0x0000000000000978       0x5c build/keyboard.o
 .debug_frame   0x00000000000009d4       0xd4 build/ioqueue.o
 .debug_frame   0x0000000000000aa8       0x60 build/tss.o
 .debug_frame   0x0000000000000b08       0xa4 build/process.o
 .debug_frame   0x0000000000000bac       0x80 build/syscall.o
 .debug_frame   0x0000000000000c2c       0x44 build/syscall-init.o
 .debug_frame   0x0000000000000c70       0x80 build/stdio.o
 .debug_frame   0x0000000000000cf0       0x34 build/stdio-kernel.o
 .debug_frame   0x0000000000000d24      0x1d4 build/ide.o
 .debug_frame   0x0000000000000ef8      0x264 build/fs.o
 .debug_frame   0x000000000000115c       0xc4 build/inode.o
 .debug_frame   0x0000000000001220      0x10c build/file.o
 .debug_frame   0x000000000000132c      0x11c build/dir.o

.debug_str      0x0000000000000000     0x1bec
 *(.debug_str)
 .debug_str     0x0000000000000000       0x9a build/main.o
                                         0xb8 (size before relaxing)
 .debug_str     0x000000000000009a       0x17 build/init.o
                                         0xb4 (size before relaxing)
 .debug_str     0x00000000000000b1      0x1dd build/interrupt.o
                                        0x28e (size before relaxing)
 .debug_str     0x000000000000028e      0x1ea build/timer.o
                                        0x2d9 (size before relaxing)
 .debug_str     0x0000000000000478       0x32 build/debug.o
                                         0xd4 (size before relaxing)
 .debug_str     0x00000000000004aa       0x76 build/string.o
                                        0x139 (size before relaxing)
 .debug_str     0x0000000000000520       0xa8 build/bitmap.o
                                        0x18d (size before relaxing)
 .debug_str     0x00000000000005c8      0x29d build/memory.o
                                        0x5a9 (size before relaxing)
 .debug_str     0x0000000000000865      0x144 build/thread.o
                                        0x441 (size before relaxing)
 .debug_str     0x00000000000009a9       0x9c build/list.o
                                        0x1a9 (size before relaxing)
 .debug_str     0x0000000000000a45       0x69 build/sync.o
                                        0x32b (size before relaxing)
 .debug_str     0x0000000000000aae       0x86 build/console.o
                                        0x317 (size before relaxing)
 .debug_str     0x0000000000000b34       0xc5 build/keyboard.o
                                        0x36f (size before relaxing)
 .debug_str     0x0000000000000bf9       0x69 build/ioqueue.o
                                        0x33f (size before relaxing)
 .debug_str     0x0000000000000c62       0xea build/tss.o
                                        0x37c (size before relaxing)
 .debug_str     0x0000000000000d4c      0x10e build/process.o
                                        0x3fa (size before relaxing)
 .debug_str     0x0000000000000e5a       0x4e build/syscall.o
                                        0x11b (size before relaxing)
 .debug_str     0x0000000000000ea8       0x46 build/syscall-init.o
                                        0x120 (size before relaxing)
 .debug_str     0x0000000000000eee       0x61 build/stdio.o
                                        0x13f (size before relaxing)
 .debug_str     0x0000000000000f4f       0x21 build/stdio-kernel.o
                                         0xd2 (size before relaxing)
 .debug_str     0x0000000000000f70      0x2d3 build/ide.o
                                        0x5ba (size before relaxing)
 .debug_str     0x0000000000001243      0x5d3 build/fs.o
                                        0xa1c (size before relaxing)
 .debug_str     0x0000000000001816      0x111 build/inode.o
                                        0x608 (size before relaxing)
 .debug_str     0x0000000000001927      0x1ac build/file.o
                                        0x7c4 (size before relaxing)
 .debug_str     0x0000000000001ad3      0x119 build/dir.o
                                        0x69b (size before relaxing)

.debug_loc      0x0000000000000000     0x2050
 *(.debug_loc)
 .debug_loc     0x0000000000000000       0x2c build/main.o
 .debug_loc     0x000000000000002c       0x2c build/init.o
 .debug_loc     0x0000000000000058      0x210 build/interrupt.o
 .debug_loc     0x0000000000000268       0xb0 build/timer.o
 .debug_loc     0x0000000000000318       0x2c build/debug.o
 .debug_loc     0x0000000000000344      0x1b8 build/string.o
 .debug_loc     0x00000000000004fc       0xb0 build/bitmap.o
 .debug_loc     0x00000000000005ac      0x39c build/memory.o
 .debug_loc     0x0000000000000948      0x23c build/thread.o
 .debug_loc     0x0000000000000b84      0x1b8 build/list.o
 .debug_loc     0x0000000000000d3c      0x108 build/sync.o
 .debug_loc     0x0000000000000e44      0x108 build/console.o
 .debug_loc     0x0000000000000f4c       0x84 build/keyboard.o
 .debug_loc     0x0000000000000fd0      0x160 build/ioqueue.o
 .debug_loc     0x0000000000001130       0x84 build/tss.o
 .debug_loc     0x00000000000011b4      0x108 build/process.o
 .debug_loc     0x00000000000012bc       0xb0 build/syscall.o
 .debug_loc     0x000000000000136c       0x58 build/syscall-init.o
 .debug_loc     0x00000000000013c4       0xb0 build/stdio.o
 .debug_loc     0x0000000000001474       0x2c build/stdio-kernel.o
 .debug_loc     0x00000000000014a0      0x318 build/ide.o
 .debug_loc     0x00000000000017b8      0x3f4 build/fs.o
 .debug_loc     0x0000000000001bac      0x134 build/inode.o
 .debug_loc     0x0000000000001ce0      0x1b8 build/file.o
 .debug_loc     0x0000000000001e98      0x1b8 build/dir.o

.debug_macinfo
 *(.debug_macinfo)

.debug_weaknames
 *(.debug_weaknames)

.debug_funcnames
 *(.debug_funcnames)

.debug_typenames
 *(.debug_typenames)

.debug_varnames
 *(.debug_varnames)

.debug_pubtypes
 *(.debug_pubtypes)

.debug_ranges   0x0000000000000000       0x68
 *(.debug_ranges)
 .debug_ranges  0x0000000000000000       0x30 build/keyboard.o
 .debug_ranges  0x0000000000000030       0x38 build/dir.o

.debug_macro
 *(.debug_macro)

.debug_addr
 *(.debug_addr)

.gnu.attributes
 *(.gnu.attributes)

/DISCARD/
 *(.note.GNU-stack)
 *(.gnu_debuglink)
 *(.gnu.lto_*)
OUTPUT(build/kernel.bin elf32-i386)
