
Allocating common symbols
Common symbol       size              file

kbd_buf             0x6c              bin/keyboard.o
thread_ready_list   0x10              bin/thread.o
thread_all_list     0x10              bin/thread.o
user_pool           0x2c              bin/memory.o
intr_name           0x204             bin/interrupt.o
main_thread         0x4               bin/thread.o
ticks               0x4               bin/timer.o
kernel_vaddr        0xc               bin/memory.o
syscall_table       0x80              bin/syscall-init.o
idt_table           0x204             bin/interrupt.o
kernel_pool         0x2c              bin/memory.o
pid_lock            0x1c              bin/thread.o

Discarded input sections

 .note.GNU-stack
                0x0000000000000000        0x0 bin/main.o
 .note.GNU-stack
                0x0000000000000000        0x0 bin/init.o
 .note.GNU-stack
                0x0000000000000000        0x0 bin/interrupt.o
 .note.GNU-stack
                0x0000000000000000        0x0 bin/timer.o
 .note.GNU-stack
                0x0000000000000000        0x0 bin/debug.o
 .note.GNU-stack
                0x0000000000000000        0x0 bin/string.o
 .note.GNU-stack
                0x0000000000000000        0x0 bin/bitmap.o
 .note.GNU-stack
                0x0000000000000000        0x0 bin/memory.o
 .note.GNU-stack
                0x0000000000000000        0x0 bin/thread.o
 .note.GNU-stack
                0x0000000000000000        0x0 bin/list.o
 .note.GNU-stack
                0x0000000000000000        0x0 bin/sync.o
 .note.GNU-stack
                0x0000000000000000        0x0 bin/console.o
 .note.GNU-stack
                0x0000000000000000        0x0 bin/keyboard.o
 .note.GNU-stack
                0x0000000000000000        0x0 bin/ioqueue.o
 .note.GNU-stack
                0x0000000000000000        0x0 bin/tss.o
 .note.GNU-stack
                0x0000000000000000        0x0 bin/process.o
 .note.GNU-stack
                0x0000000000000000        0x0 bin/syscall-init.o
 .note.GNU-stack
                0x0000000000000000        0x0 bin/syscall.o
 .note.GNU-stack
                0x0000000000000000        0x0 bin/stdio.o

Memory Configuration

Name             Origin             Length             Attributes
*default*        0x0000000000000000 0xffffffffffffffff

Linker script and memory map

Address of section .text set to 0xc0001500
LOAD bin/main.o
LOAD bin/init.o
LOAD bin/interrupt.o
LOAD bin/timer.o
LOAD bin/kernel.o
LOAD bin/print.o
LOAD bin/debug.o
LOAD bin/string.o
LOAD bin/bitmap.o
LOAD bin/memory.o
LOAD bin/thread.o
LOAD bin/list.o
LOAD bin/switch.o
LOAD bin/sync.o
LOAD bin/console.o
LOAD bin/keyboard.o
LOAD bin/ioqueue.o
LOAD bin/tss.o
LOAD bin/process.o
LOAD bin/syscall-init.o
LOAD bin/syscall.o
LOAD bin/stdio.o
                [!provide]                        PROVIDE (__executable_start = SEGMENT_START ("text-segment", 0x8048000))
                0x0000000008048094                . = (SEGMENT_START ("text-segment", 0x8048000) + SIZEOF_HEADERS)

.interp
 *(.interp)

.note.gnu.build-id
 *(.note.gnu.build-id)

.hash
 *(.hash)

.gnu.hash
 *(.gnu.hash)

.dynsym
 *(.dynsym)

.dynstr
 *(.dynstr)

.gnu.version
 *(.gnu.version)

.gnu.version_d
 *(.gnu.version_d)

.gnu.version_r
 *(.gnu.version_r)

.rel.dyn        0x0000000008048094        0x0
 *(.rel.init)
 *(.rel.text .rel.text.* .rel.gnu.linkonce.t.*)
 .rel.text      0x0000000008048094        0x0 bin/main.o
 *(.rel.fini)
 *(.rel.rodata .rel.rodata.* .rel.gnu.linkonce.r.*)
 *(.rel.data.rel.ro .rel.data.rel.ro.* .rel.gnu.linkonce.d.rel.ro.*)
 *(.rel.data .rel.data.* .rel.gnu.linkonce.d.*)
 *(.rel.tdata .rel.tdata.* .rel.gnu.linkonce.td.*)
 *(.rel.tbss .rel.tbss.* .rel.gnu.linkonce.tb.*)
 *(.rel.ctors)
 *(.rel.dtors)
 *(.rel.got)
 .rel.got       0x0000000008048094        0x0 bin/main.o
 *(.rel.bss .rel.bss.* .rel.gnu.linkonce.b.*)
 *(.rel.ifunc)

.rel.plt        0x0000000008048094        0x0
 *(.rel.plt)
                [!provide]                        PROVIDE (__rel_iplt_start = .)
 *(.rel.iplt)
 .rel.iplt      0x0000000008048094        0x0 bin/main.o
                [!provide]                        PROVIDE (__rel_iplt_end = .)

.init
 *(SORT_NONE(.init))

.plt            0x0000000008048098        0x0
 *(.plt)
 *(.iplt)
 .iplt          0x0000000008048098        0x0 bin/main.o

.plt.got
 *(.plt.got)

.plt.sec
 *(.plt.sec)

.text           0x00000000c0001500     0x381b
 *(.text.unlikely .text.*_unlikely .text.unlikely.*)
 *(.text.exit .text.exit.*)
 *(.text.startup .text.startup.*)
 *(.text.hot .text.hot.*)
 *(.text .stub .text.* .gnu.linkonce.t.*)
 .text          0x00000000c0001500      0x18a bin/main.o
                0x00000000c0001500                main
                0x00000000c00015b6                k_thread_a
                0x00000000c000160e                k_thread_b
                0x00000000c0001666                u_prog_a
                0x00000000c0001678                u_prog_b
 .text          0x00000000c000168a       0x3c bin/init.o
                0x00000000c000168a                init_all
 .text          0x00000000c00016c6      0x47b bin/interrupt.o
                0x00000000c0001a37                intr_get_status
                0x00000000c0001a5a                intr_enable
                0x00000000c0001a83                intr_disable
                0x00000000c0001aac                intr_set_status
                0x00000000c0001ac7                register_handler
                0x00000000c0001ae3                idt_init
 .text          0x00000000c0001b41      0x193 bin/timer.o
                0x00000000c0001c74                timer_init
 *fill*         0x00000000c0001cd4        0xc 
 .text          0x00000000c0001ce0      0x55b bin/kernel.o
                0x00000000c0001ce0                intr_exit
                0x00000000c0002217                syscall_handler
 *fill*         0x00000000c000223b        0x5 
 .text          0x00000000c0002240      0x172 bin/print.o
                0x00000000c0002240                put_str
                0x00000000c000225e                put_char
                0x00000000c000232b                put_int
                0x00000000c000238e                set_cursor
 .text          0x00000000c00023b2       0xa5 bin/debug.o
                0x00000000c00023b2                panic_spin
 .text          0x00000000c0002457      0x454 bin/string.o
                0x00000000c0002457                memset
                0x00000000c00024b3                memcpy
                0x00000000c000251b                memcmp
                0x00000000c00025b1                strcpy
                0x00000000c0002614                strlen
                0x00000000c000266e                strcmp
                0x00000000c00026f5                strchr
                0x00000000c000275b                strrchr
                0x00000000c00027c4                strcat
                0x00000000c000283e                strchrs
 .text          0x00000000c00028ab      0x270 bin/bitmap.o
                0x00000000c00028ab                bitmap_init
                0x00000000c00028d2                bitmap_scan_test
                0x00000000c0002914                bitmap_scan
                0x00000000c0002a62                bitmap_set
 .text          0x00000000c0002b1b      0x831 bin/memory.o
                0x00000000c0002e6a                pde_ptr
                0x00000000c0002e86                pte_ptr
                0x00000000c0002ff1                malloc_page
                0x00000000c00030bb                get_kernel_pages
                0x00000000c0003117                get_user_pages
                0x00000000c000316d                get_a_page
                0x00000000c00032e9                mem_init
                0x00000000c000331e                addr_v2p
 .text          0x00000000c000334c      0x5e9 bin/thread.o
                0x00000000c000334c                running_thread
                0x00000000c0003396                init_thread
                0x00000000c0003455                thread_create
                0x00000000c00034cc                thread_start
                0x00000000c0003647                thread_init
                0x00000000c0003690                schedule
                0x00000000c00037c3                thread_block
                0x00000000c000382a                thread_unblock
 .text          0x00000000c0003935      0x1e4 bin/list.o
                0x00000000c0003935                list_init
                0x00000000c0003962                list_insert_before
                0x00000000c00039a3                list_push
                0x00000000c00039c0                list_append
                0x00000000c00039dd                list_remove
                0x00000000c0003a13                list_pop
                0x00000000c0003a32                elem_find
                0x00000000c0003a6d                list_traversal
                0x00000000c0003acb                list_len
                0x00000000c0003b00                list_empty
 *fill*         0x00000000c0003b19        0x7 
 .text          0x00000000c0003b20       0x15 bin/switch.o
                0x00000000c0003b20                switch_to
 .text          0x00000000c0003b35      0x347 bin/sync.o
                0x00000000c0003b35                sema_init
                0x00000000c0003b5a                lock_init
                0x00000000c0003b8b                sema_down
                0x00000000c0003c9f                sema_up
                0x00000000c0003d55                lock_acquire
                0x00000000c0003dd1                lock_release
 .text          0x00000000c0003e7c       0x9a bin/console.o
                0x00000000c0003e7c                console_init
                0x00000000c0003e90                console_acquire
                0x00000000c0003ea4                console_release
                0x00000000c0003eb8                console_put_str
                0x00000000c0003ed5                console_put_char
                0x00000000c0003ef9                console_put_int
 .text          0x00000000c0003f16      0x2d3 bin/keyboard.o
                0x00000000c00041a9                keyboard_init
 .text          0x00000000c00041e9      0x2f1 bin/ioqueue.o
                0x00000000c00041e9                ioqueue_init
                0x00000000c0004246                ioq_full
                0x00000000c0004297                ioq_empty
                0x00000000c000437c                ioq_getchar
                0x00000000c000442a                ioq_putchar
 .text          0x00000000c00044da      0x1ae bin/tss.o
                0x00000000c00044da                update_tss_esp
                0x00000000c0004555                tss_init
 .text          0x00000000c0004688      0x359 bin/process.o
                0x00000000c0004688                create_user_vaddr_bitmap
                0x00000000c00046cc                create_page_dir
                0x00000000c000473d                page_dir_activate
                0x00000000c000476d                process_activate
                0x00000000c00047bf                start_process
                0x00000000c00048c5                process_execute
 .text          0x00000000c00049e1       0x66 bin/syscall-init.o
                0x00000000c00049e1                sys_getpid
                0x00000000c00049f5                sys_write
                0x00000000c0004a13                syscall_init
 .text          0x00000000c0004a47       0x34 bin/syscall.o
                0x00000000c0004a47                getpid
                0x00000000c0004a5c                write
 .text          0x00000000c0004a7b      0x2a0 bin/stdio.o
                0x00000000c0004b01                vsprintf
                0x00000000c0004c85                printf
 *(.gnu.warning)

.fini
 *(SORT_NONE(.fini))
                [!provide]                        PROVIDE (__etext = .)
                [!provide]                        PROVIDE (_etext = .)
                [!provide]                        PROVIDE (etext = .)

.rodata         0x00000000c0004d1c      0xd04
 *(.rodata .rodata.* .gnu.linkonce.r.*)
 .rodata        0x00000000c0004d1c       0x94 bin/main.o
 .rodata        0x00000000c0004db0        0xa bin/init.o
 *fill*         0x00000000c0004dba        0x2 
 .rodata        0x00000000c0004dbc      0x2cd bin/interrupt.o
 *fill*         0x00000000c0005089        0x3 
 .rodata        0x00000000c000508c       0x6b bin/timer.o
 .rodata        0x00000000c00050f7       0x3f bin/debug.o
 .rodata        0x00000000c0005136       0xb9 bin/string.o
 *fill*         0x00000000c00051ef        0x1 
 .rodata        0x00000000c00051f0       0x68 bin/bitmap.o
 .rodata        0x00000000c0005258      0x1d7 bin/memory.o
 *fill*         0x00000000c000542f        0x1 
 .rodata        0x00000000c0005430      0x2bd bin/thread.o
 *fill*         0x00000000c00056ed        0x3 
 .rodata        0x00000000c00056f0      0x12f bin/sync.o
 .rodata        0x00000000c000581f       0x36 bin/keyboard.o
 *fill*         0x00000000c0005855        0x3 
 .rodata        0x00000000c0005858       0x9d bin/ioqueue.o
 .rodata        0x00000000c00058f5       0x27 bin/tss.o
 .rodata        0x00000000c000591c       0xdd bin/process.o
 .rodata        0x00000000c00059f9       0x27 bin/syscall-init.o

.rodata1
 *(.rodata1)

.eh_frame_hdr
 *(.eh_frame_hdr)
 *(.eh_frame_entry .eh_frame_entry.*)

.eh_frame
 *(.eh_frame)
 *(.eh_frame.*)

.gcc_except_table
 *(.gcc_except_table .gcc_except_table.*)

.gnu_extab
 *(.gnu_extab*)

.exception_ranges
 *(.exception_ranges .exception_ranges*)
                0x00000000c0006000                . = DATA_SEGMENT_ALIGN (CONSTANT (MAXPAGESIZE), CONSTANT (COMMONPAGESIZE))

.eh_frame
 *(.eh_frame)
 *(.eh_frame.*)

.gnu_extab
 *(.gnu_extab)

.gcc_except_table
 *(.gcc_except_table .gcc_except_table.*)

.exception_ranges
 *(.exception_ranges .exception_ranges*)

.tdata
 *(.tdata .tdata.* .gnu.linkonce.td.*)

.tbss
 *(.tbss .tbss.* .gnu.linkonce.tb.*)
 *(.tcommon)

.preinit_array  0x00000000c0006000        0x0
                [!provide]                        PROVIDE (__preinit_array_start = .)
 *(.preinit_array)
                [!provide]                        PROVIDE (__preinit_array_end = .)

.init_array     0x00000000c0006000        0x0
                [!provide]                        PROVIDE (__init_array_start = .)
 *(SORT_BY_INIT_PRIORITY(.init_array.*) SORT_BY_INIT_PRIORITY(.ctors.*))
 *(.init_array EXCLUDE_FILE(*crtend?.o *crtend.o *crtbegin?.o *crtbegin.o) .ctors)
                [!provide]                        PROVIDE (__init_array_end = .)

.fini_array     0x00000000c0006000        0x0
                [!provide]                        PROVIDE (__fini_array_start = .)
 *(SORT_BY_INIT_PRIORITY(.fini_array.*) SORT_BY_INIT_PRIORITY(.dtors.*))
 *(.fini_array EXCLUDE_FILE(*crtend?.o *crtend.o *crtbegin?.o *crtbegin.o) .dtors)
                [!provide]                        PROVIDE (__fini_array_end = .)

.ctors
 *crtbegin.o(.ctors)
 *crtbegin?.o(.ctors)
 *(EXCLUDE_FILE(*crtend?.o *crtend.o) .ctors)
 *(SORT_BY_NAME(.ctors.*))
 *(.ctors)

.dtors
 *crtbegin.o(.dtors)
 *crtbegin?.o(.dtors)
 *(EXCLUDE_FILE(*crtend?.o *crtend.o) .dtors)
 *(SORT_BY_NAME(.dtors.*))
 *(.dtors)

.jcr
 *(.jcr)

.data.rel.ro
 *(.data.rel.ro.local* .gnu.linkonce.d.rel.ro.local.*)
 *(.data.rel.ro .data.rel.ro.* .gnu.linkonce.d.rel.ro.*)

.dynamic
 *(.dynamic)

.got            0x00000000c0006000        0x0
 *(.got)
 .got           0x00000000c0006000        0x0 bin/main.o
 *(.igot)
                0x00000000c0006000                . = DATA_SEGMENT_RELRO_END (., (SIZEOF (.got.plt) >= 0xc)?0xc:0x0)

.got.plt        0x00000000c0006000        0x0
 *(.got.plt)
 .got.plt       0x00000000c0006000        0x0 bin/main.o
 *(.igot.plt)
 .igot.plt      0x00000000c0006000        0x0 bin/main.o

.data           0x00000000c0006000      0x156
 *(.data .data.* .gnu.linkonce.d.*)
 .data          0x00000000c0006000        0x0 bin/main.o
 .data          0x00000000c0006000        0x0 bin/init.o
 .data          0x00000000c0006000        0x0 bin/interrupt.o
 .data          0x00000000c0006000        0x0 bin/timer.o
 .data          0x00000000c0006000       0xc0 bin/kernel.o
                0x00000000c0006000                intr_entry_table
 .data          0x00000000c00060c0        0x8 bin/print.o
 .data          0x00000000c00060c8        0x0 bin/debug.o
 .data          0x00000000c00060c8        0x0 bin/string.o
 .data          0x00000000c00060c8        0x0 bin/bitmap.o
 .data          0x00000000c00060c8        0x0 bin/memory.o
 .data          0x00000000c00060c8        0x0 bin/thread.o
 .data          0x00000000c00060c8        0x0 bin/list.o
 .data          0x00000000c00060c8        0x0 bin/sync.o
 .data          0x00000000c00060c8        0x0 bin/console.o
 *fill*         0x00000000c00060c8       0x18 
 .data          0x00000000c00060e0       0x76 bin/keyboard.o
                0x00000000c00060e0                keymap
 .data          0x00000000c0006156        0x0 bin/ioqueue.o
 .data          0x00000000c0006156        0x0 bin/tss.o
 .data          0x00000000c0006156        0x0 bin/process.o
 .data          0x00000000c0006156        0x0 bin/syscall-init.o
 .data          0x00000000c0006156        0x0 bin/syscall.o
 .data          0x00000000c0006156        0x0 bin/stdio.o

.data1
 *(.data1)
                0x00000000c0006156                _edata = .
                [!provide]                        PROVIDE (edata = .)
                0x00000000c0006156                . = .
                0x00000000c0006156                __bss_start = .

.bss            0x00000000c0006160      0xae0
 *(.dynbss)
 *(.bss .bss.* .gnu.linkonce.b.*)
 .bss           0x00000000c0006160        0x8 bin/main.o
                0x00000000c0006160                prog_a_pid
                0x00000000c0006164                prog_b_pid
 .bss           0x00000000c0006168        0x0 bin/init.o
 *fill*         0x00000000c0006168       0x18 
 .bss           0x00000000c0006180      0x408 bin/interrupt.o
 .bss           0x00000000c0006588        0x0 bin/timer.o
 .bss           0x00000000c0006588        0x0 bin/debug.o
 .bss           0x00000000c0006588        0x0 bin/string.o
 .bss           0x00000000c0006588        0x0 bin/bitmap.o
 .bss           0x00000000c0006588        0x0 bin/memory.o
 .bss           0x00000000c0006588        0x6 bin/thread.o
 .bss           0x00000000c000658e        0x0 bin/list.o
 .bss           0x00000000c000658e        0x0 bin/sync.o
 *fill*         0x00000000c000658e        0x2 
 .bss           0x00000000c0006590       0x1c bin/console.o
 .bss           0x00000000c00065ac       0x14 bin/keyboard.o
                0x00000000c00065ac                ctrl_status
                0x00000000c00065b0                shift_status
                0x00000000c00065b4                alt_status
                0x00000000c00065b8                caps_lock_status
                0x00000000c00065bc                ext_scancode
 .bss           0x00000000c00065c0        0x0 bin/ioqueue.o
 .bss           0x00000000c00065c0       0x68 bin/tss.o
 .bss           0x00000000c0006628        0x0 bin/process.o
 .bss           0x00000000c0006628        0x0 bin/syscall-init.o
 .bss           0x00000000c0006628        0x0 bin/syscall.o
 .bss           0x00000000c0006628        0x0 bin/stdio.o
 *(COMMON)
 *fill*         0x00000000c0006628       0x18 
 COMMON         0x00000000c0006640      0x424 bin/interrupt.o
                0x00000000c0006640                intr_name
                0x00000000c0006860                idt_table
 COMMON         0x00000000c0006a64        0x4 bin/timer.o
                0x00000000c0006a64                ticks
 *fill*         0x00000000c0006a68       0x18 
 COMMON         0x00000000c0006a80       0x6c bin/memory.o
                0x00000000c0006a80                user_pool
                0x00000000c0006aac                kernel_vaddr
                0x00000000c0006ac0                kernel_pool
 COMMON         0x00000000c0006aec       0x40 bin/thread.o
                0x00000000c0006aec                thread_ready_list
                0x00000000c0006afc                thread_all_list
                0x00000000c0006b0c                main_thread
                0x00000000c0006b10                pid_lock
 *fill*         0x00000000c0006b2c       0x14 
 COMMON         0x00000000c0006b40       0x6c bin/keyboard.o
                0x00000000c0006b40                kbd_buf
 *fill*         0x00000000c0006bac       0x14 
 COMMON         0x00000000c0006bc0       0x80 bin/syscall-init.o
                0x00000000c0006bc0                syscall_table
                0x00000000c0006c40                . = ALIGN ((. != 0x0)?0x4:0x1)
                0x00000000c0006c40                . = ALIGN (0x4)
                0x00000000c0006c40                . = SEGMENT_START ("ldata-segment", .)
                0x00000000c0006c40                . = ALIGN (0x4)
                0x00000000c0006c40                _end = .
                [!provide]                        PROVIDE (end = .)
                0x00000000c0006c40                . = DATA_SEGMENT_END (.)

.stab
 *(.stab)

.stabstr
 *(.stabstr)

.stab.excl
 *(.stab.excl)

.stab.exclstr
 *(.stab.exclstr)

.stab.index
 *(.stab.index)

.stab.indexstr
 *(.stab.indexstr)

.comment        0x0000000000000000       0x2a
 *(.comment)
 .comment       0x0000000000000000       0x2a bin/main.o
                                         0x2b (size before relaxing)
 .comment       0x000000000000002a       0x2b bin/init.o
 .comment       0x000000000000002a       0x2b bin/interrupt.o
 .comment       0x000000000000002a       0x2b bin/timer.o
 .comment       0x000000000000002a       0x2b bin/debug.o
 .comment       0x000000000000002a       0x2b bin/string.o
 .comment       0x000000000000002a       0x2b bin/bitmap.o
 .comment       0x000000000000002a       0x2b bin/memory.o
 .comment       0x000000000000002a       0x2b bin/thread.o
 .comment       0x000000000000002a       0x2b bin/list.o
 .comment       0x000000000000002a       0x2b bin/sync.o
 .comment       0x000000000000002a       0x2b bin/console.o
 .comment       0x000000000000002a       0x2b bin/keyboard.o
 .comment       0x000000000000002a       0x2b bin/ioqueue.o
 .comment       0x000000000000002a       0x2b bin/tss.o
 .comment       0x000000000000002a       0x2b bin/process.o
 .comment       0x000000000000002a       0x2b bin/syscall-init.o
 .comment       0x000000000000002a       0x2b bin/syscall.o
 .comment       0x000000000000002a       0x2b bin/stdio.o

.debug
 *(.debug)

.line
 *(.line)

.debug_srcinfo
 *(.debug_srcinfo)

.debug_sfnames
 *(.debug_sfnames)

.debug_aranges
 *(.debug_aranges)

.debug_pubnames
 *(.debug_pubnames)

.debug_info
 *(.debug_info .gnu.linkonce.wi.*)

.debug_abbrev
 *(.debug_abbrev)

.debug_line
 *(.debug_line .debug_line.* .debug_line_end)

.debug_frame
 *(.debug_frame)

.debug_str
 *(.debug_str)

.debug_loc
 *(.debug_loc)

.debug_macinfo
 *(.debug_macinfo)

.debug_weaknames
 *(.debug_weaknames)

.debug_funcnames
 *(.debug_funcnames)

.debug_typenames
 *(.debug_typenames)

.debug_varnames
 *(.debug_varnames)

.debug_pubtypes
 *(.debug_pubtypes)

.debug_ranges
 *(.debug_ranges)

.debug_macro
 *(.debug_macro)

.debug_addr
 *(.debug_addr)

.gnu.attributes
 *(.gnu.attributes)

/DISCARD/
 *(.note.GNU-stack)
 *(.gnu_debuglink)
 *(.gnu.lto_*)
OUTPUT(bin/kernel.bin elf32-i386)
