
Allocating common symbols
Common symbol       size              file

kbd_buf             0x6c              build/keyboard.o
root_dir            0x208             build/dir.o
thread_ready_list   0x10              build/thread.o
thread_all_list     0x10              build/thread.o
user_pool           0x2c              build/memory.o
channel_cnt         0x1               build/ide.o
cur_part            0x4               build/fs.o
k_block_descs       0xa8              build/memory.o
idle_thread         0x4               build/thread.o
intr_name           0x204             build/interrupt.o
main_thread         0x4               build/thread.o
channels            0xcc0             build/ide.o
ticks               0x4               build/timer.o
kernel_vaddr        0xc               build/memory.o
syscall_table       0x80              build/syscall-init.o
idt_table           0x204             build/interrupt.o
file_table          0x180             build/file.o
partition_list      0x10              build/ide.o
kernel_pool         0x2c              build/memory.o
pid_lock            0x1c              build/thread.o

Discarded input sections

 .note.GNU-stack
                0x0000000000000000        0x0 build/main.o
 .note.GNU-stack
                0x0000000000000000        0x0 build/init.o
 .note.GNU-stack
                0x0000000000000000        0x0 build/interrupt.o
 .note.GNU-stack
                0x0000000000000000        0x0 build/timer.o
 .note.GNU-stack
                0x0000000000000000        0x0 build/debug.o
 .note.GNU-stack
                0x0000000000000000        0x0 build/string.o
 .note.GNU-stack
                0x0000000000000000        0x0 build/bitmap.o
 .note.GNU-stack
                0x0000000000000000        0x0 build/memory.o
 .note.GNU-stack
                0x0000000000000000        0x0 build/thread.o
 .note.GNU-stack
                0x0000000000000000        0x0 build/list.o
 .note.GNU-stack
                0x0000000000000000        0x0 build/sync.o
 .note.GNU-stack
                0x0000000000000000        0x0 build/console.o
 .note.GNU-stack
                0x0000000000000000        0x0 build/keyboard.o
 .note.GNU-stack
                0x0000000000000000        0x0 build/ioqueue.o
 .note.GNU-stack
                0x0000000000000000        0x0 build/tss.o
 .note.GNU-stack
                0x0000000000000000        0x0 build/process.o
 .note.GNU-stack
                0x0000000000000000        0x0 build/syscall.o
 .note.GNU-stack
                0x0000000000000000        0x0 build/syscall-init.o
 .note.GNU-stack
                0x0000000000000000        0x0 build/stdio.o
 .note.GNU-stack
                0x0000000000000000        0x0 build/stdio-kernel.o
 .note.GNU-stack
                0x0000000000000000        0x0 build/ide.o
 .note.GNU-stack
                0x0000000000000000        0x0 build/fs.o
 .note.GNU-stack
                0x0000000000000000        0x0 build/inode.o
 .note.GNU-stack
                0x0000000000000000        0x0 build/file.o
 .note.GNU-stack
                0x0000000000000000        0x0 build/dir.o

Memory Configuration

Name             Origin             Length             Attributes
*default*        0x0000000000000000 0xffffffffffffffff

Linker script and memory map

Address of section .text set to 0xc0001500
LOAD build/main.o
LOAD build/init.o
LOAD build/interrupt.o
LOAD build/timer.o
LOAD build/kernel.o
LOAD build/print.o
LOAD build/debug.o
LOAD build/string.o
LOAD build/bitmap.o
LOAD build/memory.o
LOAD build/thread.o
LOAD build/list.o
LOAD build/switch.o
LOAD build/sync.o
LOAD build/console.o
LOAD build/keyboard.o
LOAD build/ioqueue.o
LOAD build/tss.o
LOAD build/process.o
LOAD build/syscall.o
LOAD build/syscall-init.o
LOAD build/stdio.o
LOAD build/stdio-kernel.o
LOAD build/ide.o
LOAD build/fs.o
LOAD build/inode.o
LOAD build/file.o
LOAD build/dir.o
                [!provide]                        PROVIDE (__executable_start = SEGMENT_START ("text-segment", 0x8048000))
                0x0000000008048094                . = (SEGMENT_START ("text-segment", 0x8048000) + SIZEOF_HEADERS)

.interp
 *(.interp)

.note.gnu.build-id
 *(.note.gnu.build-id)

.hash
 *(.hash)

.gnu.hash
 *(.gnu.hash)

.dynsym
 *(.dynsym)

.dynstr
 *(.dynstr)

.gnu.version
 *(.gnu.version)

.gnu.version_d
 *(.gnu.version_d)

.gnu.version_r
 *(.gnu.version_r)

.rel.dyn        0x0000000008048094        0x0
 *(.rel.init)
 *(.rel.text .rel.text.* .rel.gnu.linkonce.t.*)
 .rel.text      0x0000000008048094        0x0 build/main.o
 *(.rel.fini)
 *(.rel.rodata .rel.rodata.* .rel.gnu.linkonce.r.*)
 *(.rel.data.rel.ro .rel.data.rel.ro.* .rel.gnu.linkonce.d.rel.ro.*)
 *(.rel.data .rel.data.* .rel.gnu.linkonce.d.*)
 *(.rel.tdata .rel.tdata.* .rel.gnu.linkonce.td.*)
 *(.rel.tbss .rel.tbss.* .rel.gnu.linkonce.tb.*)
 *(.rel.ctors)
 *(.rel.dtors)
 *(.rel.got)
 .rel.got       0x0000000008048094        0x0 build/main.o
 *(.rel.bss .rel.bss.* .rel.gnu.linkonce.b.*)
 *(.rel.ifunc)

.rel.plt        0x0000000008048094        0x0
 *(.rel.plt)
                [!provide]                        PROVIDE (__rel_iplt_start = .)
 *(.rel.iplt)
 .rel.iplt      0x0000000008048094        0x0 build/main.o
                [!provide]                        PROVIDE (__rel_iplt_end = .)

.init
 *(SORT_NONE(.init))

.plt            0x0000000008048098        0x0
 *(.plt)
 *(.iplt)
 .iplt          0x0000000008048098        0x0 build/main.o

.plt.got
 *(.plt.got)

.plt.sec
 *(.plt.sec)

.text           0x00000000c0001500     0x6e76
 *(.text.unlikely .text.*_unlikely .text.unlikely.*)
 *(.text.exit .text.exit.*)
 *(.text.startup .text.startup.*)
 *(.text.hot .text.hot.*)
 *(.text .stub .text.* .gnu.linkonce.t.*)
 .text          0x00000000c0001500       0x30 build/main.o
                0x00000000c0001500                main
 .text          0x00000000c0001530       0x4b build/init.o
                0x00000000c0001530                init_all
 .text          0x00000000c000157b      0x47b build/interrupt.o
                0x00000000c00018ec                intr_get_status
                0x00000000c000190f                intr_enable
                0x00000000c0001938                intr_disable
                0x00000000c0001961                intr_set_status
                0x00000000c000197c                register_handler
                0x00000000c0001998                idt_init
 .text          0x00000000c00019f6      0x132 build/timer.o
                0x00000000c0001a78                timer_init
                0x00000000c0001ad0                mtime_sleep
 *fill*         0x00000000c0001b28        0x8 
 .text          0x00000000c0001b30      0x55b build/kernel.o
                0x00000000c0001b30                intr_exit
                0x00000000c0002067                syscall_handler
 *fill*         0x00000000c000208b        0x5 
 .text          0x00000000c0002090      0x172 build/print.o
                0x00000000c0002090                put_str
                0x00000000c00020ae                put_char
                0x00000000c000217b                put_int
                0x00000000c00021de                set_cursor
 .text          0x00000000c0002202       0xa5 build/debug.o
                0x00000000c0002202                panic_spin
 .text          0x00000000c00022a7      0x454 build/string.o
                0x00000000c00022a7                memset
                0x00000000c0002303                memcpy
                0x00000000c000236b                memcmp
                0x00000000c0002401                strcpy
                0x00000000c0002464                strlen
                0x00000000c00024be                strcmp
                0x00000000c0002545                strchr
                0x00000000c00025ab                strrchr
                0x00000000c0002614                strcat
                0x00000000c000268e                strchrs
 .text          0x00000000c00026fb      0x270 build/bitmap.o
                0x00000000c00026fb                bitmap_init
                0x00000000c0002722                bitmap_scan_test
                0x00000000c0002764                bitmap_scan
                0x00000000c00028b2                bitmap_set
 .text          0x00000000c000296b     0x1110 build/memory.o
                0x00000000c0002cba                pde_ptr
                0x00000000c0002cd6                pte_ptr
                0x00000000c0002e41                malloc_page
                0x00000000c0002f0b                get_kernel_pages
                0x00000000c0002f67                get_user_pages
                0x00000000c0002fbd                get_a_page
                0x00000000c0003139                block_desc_init
                0x00000000c00031de                sys_malloc
                0x00000000c00034ee                pfree
                0x00000000c0003636                mfree_page
                0x00000000c000380b                sys_free
                0x00000000c0003a0c                mem_init
                0x00000000c0003a4d                addr_v2p
 .text          0x00000000c0003a7b      0x721 build/thread.o
                0x00000000c0003a91                running_thread
                0x00000000c0003adb                init_thread
                0x00000000c0003bf0                thread_create
                0x00000000c0003c67                thread_start
                0x00000000c0003de2                thread_init
                0x00000000c0003e54                schedule
                0x00000000c0003fa4                thread_block
                0x00000000c000400b                thread_unblock
                0x00000000c0004116                thread_yield
 .text          0x00000000c000419c      0x1e4 build/list.o
                0x00000000c000419c                list_init
                0x00000000c00041c9                list_insert_before
                0x00000000c000420a                list_push
                0x00000000c0004227                list_append
                0x00000000c0004244                list_remove
                0x00000000c000427a                list_pop
                0x00000000c0004299                elem_find
                0x00000000c00042d4                list_traversal
                0x00000000c0004332                list_len
                0x00000000c0004367                list_empty
 .text          0x00000000c0004380       0x15 build/switch.o
                0x00000000c0004380                switch_to
 .text          0x00000000c0004395      0x347 build/sync.o
                0x00000000c0004395                sema_init
                0x00000000c00043ba                lock_init
                0x00000000c00043eb                sema_down
                0x00000000c00044ff                sema_up
                0x00000000c00045b5                lock_acquire
                0x00000000c0004631                lock_release
 .text          0x00000000c00046dc       0x9a build/console.o
                0x00000000c00046dc                console_init
                0x00000000c00046f0                console_acquire
                0x00000000c0004704                console_release
                0x00000000c0004718                console_put_str
                0x00000000c0004735                console_put_char
                0x00000000c0004759                console_put_int
 .text          0x00000000c0004776      0x2d3 build/keyboard.o
                0x00000000c0004a09                keyboard_init
 .text          0x00000000c0004a49      0x2f1 build/ioqueue.o
                0x00000000c0004a49                ioqueue_init
                0x00000000c0004aa6                ioq_full
                0x00000000c0004af7                ioq_empty
                0x00000000c0004bdc                ioq_getchar
                0x00000000c0004c8a                ioq_putchar
 .text          0x00000000c0004d3a      0x1ae build/tss.o
                0x00000000c0004d3a                update_tss_esp
                0x00000000c0004db5                tss_init
 .text          0x00000000c0004ee8      0x367 build/process.o
                0x00000000c0004ee8                create_user_vaddr_bitmap
                0x00000000c0004f2c                create_page_dir
                0x00000000c0004f9d                page_dir_activate
                0x00000000c0004fcd                process_activate
                0x00000000c000501f                start_process
                0x00000000c0005125                process_execute
 .text          0x00000000c000524f       0x6f build/syscall.o
                0x00000000c000524f                getpid
                0x00000000c0005264                write
                0x00000000c0005283                malloc
                0x00000000c00052a2                free
 .text          0x00000000c00052be       0x7a build/syscall-init.o
                0x00000000c00052be                sys_getpid
                0x00000000c00052d2                sys_write
                0x00000000c00052f0                syscall_init
 .text          0x00000000c0005338      0x2a0 build/stdio.o
                0x00000000c00053be                vsprintf
                0x00000000c0005542                printf
                0x00000000c00055a4                sprintf
 .text          0x00000000c00055d8       0x62 build/stdio-kernel.o
                0x00000000c00055d8                printk
 .text          0x00000000c000563a      0xe01 build/ide.o
                0x00000000c0005954                ide_read
                0x00000000c0005ae6                ide_write
                0x00000000c0005c78                intr_hd_handler
                0x00000000c000623d                ide_init
 .text          0x00000000c000643b      0xedb build/fs.o
                0x00000000c0006b66                filesys_init
                0x00000000c0006db3                path_depth_cnt
                0x00000000c00070db                sys_open
 .text          0x00000000c0007316      0x427 build/inode.o
                0x00000000c00073ba                inode_sync
                0x00000000c0007524                inode_open
                0x00000000c000767d                inode_close
                0x00000000c00076ee                inode_init
 .text          0x00000000c000773d      0x4b0 build/file.o
                0x00000000c000773d                get_free_slot_in_global
                0x00000000c000778d                pcb_fd_install
                0x00000000c00077f0                inode_bitmap_alloc
                0x00000000c000783e                block_bitmap_alloc
                0x00000000c0007898                bitmap_sync
                0x00000000c0007923                file_create
 .text          0x00000000c0007bed      0x789 build/dir.o
                0x00000000c0007bed                open_root_dir
                0x00000000c0007c1c                dir_open
                0x00000000c0007c57                search_dir_entry
                0x00000000c0007e27                dir_close
                0x00000000c0007e53                create_dir_entry
                0x00000000c0007ec9                sync_dir_entry
 *(.gnu.warning)

.fini
 *(SORT_NONE(.fini))
                [!provide]                        PROVIDE (__etext = .)
                [!provide]                        PROVIDE (_etext = .)
                [!provide]                        PROVIDE (etext = .)

.rodata         0x00000000c0008378     0x1661
 *(.rodata .rodata.* .gnu.linkonce.r.*)
 .rodata        0x00000000c0008378       0x14 build/main.o
 .rodata        0x00000000c000838c        0xa build/init.o
 *fill*         0x00000000c0008396        0x2 
 .rodata        0x00000000c0008398      0x2cd build/interrupt.o
 *fill*         0x00000000c0008665        0x3 
 .rodata        0x00000000c0008668       0x87 build/timer.o
 .rodata        0x00000000c00086ef       0x3f build/debug.o
 .rodata        0x00000000c000872e       0xb9 build/string.o
 *fill*         0x00000000c00087e7        0x1 
 .rodata        0x00000000c00087e8       0x68 build/bitmap.o
 .rodata        0x00000000c0008850      0x3bc build/memory.o
 .rodata        0x00000000c0008c0c      0x2d2 build/thread.o
 *fill*         0x00000000c0008ede        0x2 
 .rodata        0x00000000c0008ee0      0x12f build/sync.o
 .rodata        0x00000000c000900f       0x36 build/keyboard.o
 *fill*         0x00000000c0009045        0x3 
 .rodata        0x00000000c0009048       0x9d build/ioqueue.o
 .rodata        0x00000000c00090e5       0x27 build/tss.o
 .rodata        0x00000000c000910c       0xdd build/process.o
 .rodata        0x00000000c00091e9       0x27 build/syscall-init.o
 .rodata        0x00000000c0009210      0x1f4 build/ide.o
 .rodata        0x00000000c0009404      0x38f build/fs.o
 *fill*         0x00000000c0009793        0x1 
 .rodata        0x00000000c0009794       0x6b build/inode.o
 *fill*         0x00000000c00097ff        0x1 
 .rodata        0x00000000c0009800       0xdb build/file.o
 *fill*         0x00000000c00098db        0x1 
 .rodata        0x00000000c00098dc       0xfd build/dir.o

.rodata1
 *(.rodata1)

.eh_frame_hdr
 *(.eh_frame_hdr)
 *(.eh_frame_entry .eh_frame_entry.*)

.eh_frame
 *(.eh_frame)
 *(.eh_frame.*)

.gcc_except_table
 *(.gcc_except_table .gcc_except_table.*)

.gnu_extab
 *(.gnu_extab*)

.exception_ranges
 *(.exception_ranges .exception_ranges*)
                0x00000000c000a000                . = DATA_SEGMENT_ALIGN (CONSTANT (MAXPAGESIZE), CONSTANT (COMMONPAGESIZE))

.eh_frame
 *(.eh_frame)
 *(.eh_frame.*)

.gnu_extab
 *(.gnu_extab)

.gcc_except_table
 *(.gcc_except_table .gcc_except_table.*)

.exception_ranges
 *(.exception_ranges .exception_ranges*)

.tdata
 *(.tdata .tdata.* .gnu.linkonce.td.*)

.tbss
 *(.tbss .tbss.* .gnu.linkonce.tb.*)
 *(.tcommon)

.preinit_array  0x00000000c000a000        0x0
                [!provide]                        PROVIDE (__preinit_array_start = .)
 *(.preinit_array)
                [!provide]                        PROVIDE (__preinit_array_end = .)

.init_array     0x00000000c000a000        0x0
                [!provide]                        PROVIDE (__init_array_start = .)
 *(SORT_BY_INIT_PRIORITY(.init_array.*) SORT_BY_INIT_PRIORITY(.ctors.*))
 *(.init_array EXCLUDE_FILE(*crtend?.o *crtend.o *crtbegin?.o *crtbegin.o) .ctors)
                [!provide]                        PROVIDE (__init_array_end = .)

.fini_array     0x00000000c000a000        0x0
                [!provide]                        PROVIDE (__fini_array_start = .)
 *(SORT_BY_INIT_PRIORITY(.fini_array.*) SORT_BY_INIT_PRIORITY(.dtors.*))
 *(.fini_array EXCLUDE_FILE(*crtend?.o *crtend.o *crtbegin?.o *crtbegin.o) .dtors)
                [!provide]                        PROVIDE (__fini_array_end = .)

.ctors
 *crtbegin.o(.ctors)
 *crtbegin?.o(.ctors)
 *(EXCLUDE_FILE(*crtend?.o *crtend.o) .ctors)
 *(SORT_BY_NAME(.ctors.*))
 *(.ctors)

.dtors
 *crtbegin.o(.dtors)
 *crtbegin?.o(.dtors)
 *(EXCLUDE_FILE(*crtend?.o *crtend.o) .dtors)
 *(SORT_BY_NAME(.dtors.*))
 *(.dtors)

.jcr
 *(.jcr)

.data.rel.ro
 *(.data.rel.ro.local* .gnu.linkonce.d.rel.ro.local.*)
 *(.data.rel.ro .data.rel.ro.* .gnu.linkonce.d.rel.ro.*)

.dynamic
 *(.dynamic)

.got            0x00000000c000a000        0x0
 *(.got)
 .got           0x00000000c000a000        0x0 build/main.o
 *(.igot)
                0x00000000c000a000                . = DATA_SEGMENT_RELRO_END (., (SIZEOF (.got.plt) >= 0xc)?0xc:0x0)

.got.plt        0x00000000c000a000        0x0
 *(.got.plt)
 .got.plt       0x00000000c000a000        0x0 build/main.o
 *(.igot.plt)
 .igot.plt      0x00000000c000a000        0x0 build/main.o

.data           0x00000000c000a000      0x156
 *(.data .data.* .gnu.linkonce.d.*)
 .data          0x00000000c000a000        0x0 build/main.o
 .data          0x00000000c000a000        0x0 build/init.o
 .data          0x00000000c000a000        0x0 build/interrupt.o
 .data          0x00000000c000a000        0x0 build/timer.o
 .data          0x00000000c000a000       0xc0 build/kernel.o
                0x00000000c000a000                intr_entry_table
 .data          0x00000000c000a0c0        0x8 build/print.o
 .data          0x00000000c000a0c8        0x0 build/debug.o
 .data          0x00000000c000a0c8        0x0 build/string.o
 .data          0x00000000c000a0c8        0x0 build/bitmap.o
 .data          0x00000000c000a0c8        0x0 build/memory.o
 .data          0x00000000c000a0c8        0x0 build/thread.o
 .data          0x00000000c000a0c8        0x0 build/list.o
 .data          0x00000000c000a0c8        0x0 build/sync.o
 .data          0x00000000c000a0c8        0x0 build/console.o
 *fill*         0x00000000c000a0c8       0x18 
 .data          0x00000000c000a0e0       0x76 build/keyboard.o
                0x00000000c000a0e0                keymap
 .data          0x00000000c000a156        0x0 build/ioqueue.o
 .data          0x00000000c000a156        0x0 build/tss.o
 .data          0x00000000c000a156        0x0 build/process.o
 .data          0x00000000c000a156        0x0 build/syscall.o
 .data          0x00000000c000a156        0x0 build/syscall-init.o
 .data          0x00000000c000a156        0x0 build/stdio.o
 .data          0x00000000c000a156        0x0 build/stdio-kernel.o
 .data          0x00000000c000a156        0x0 build/ide.o
 .data          0x00000000c000a156        0x0 build/fs.o
 .data          0x00000000c000a156        0x0 build/inode.o
 .data          0x00000000c000a156        0x0 build/file.o
 .data          0x00000000c000a156        0x0 build/dir.o

.data1
 *(.data1)
                0x00000000c000a156                _edata = .
                [!provide]                        PROVIDE (edata = .)
                0x00000000c000a156                . = .
                0x00000000c000a156                __bss_start = .

.bss            0x00000000c000a160     0x1c08
 *(.dynbss)
 *(.bss .bss.* .gnu.linkonce.b.*)
 .bss           0x00000000c000a160        0x0 build/main.o
 .bss           0x00000000c000a160        0x0 build/init.o
 .bss           0x00000000c000a160      0x408 build/interrupt.o
 .bss           0x00000000c000a568        0x0 build/timer.o
 .bss           0x00000000c000a568        0x0 build/debug.o
 .bss           0x00000000c000a568        0x0 build/string.o
 .bss           0x00000000c000a568        0x0 build/bitmap.o
 .bss           0x00000000c000a568        0x0 build/memory.o
 .bss           0x00000000c000a568        0x6 build/thread.o
 .bss           0x00000000c000a56e        0x0 build/list.o
 .bss           0x00000000c000a56e        0x0 build/sync.o
 *fill*         0x00000000c000a56e        0x2 
 .bss           0x00000000c000a570       0x1c build/console.o
 .bss           0x00000000c000a58c       0x14 build/keyboard.o
                0x00000000c000a58c                ctrl_status
                0x00000000c000a590                shift_status
                0x00000000c000a594                alt_status
                0x00000000c000a598                caps_lock_status
                0x00000000c000a59c                ext_scancode
 .bss           0x00000000c000a5a0        0x0 build/ioqueue.o
 .bss           0x00000000c000a5a0       0x68 build/tss.o
 .bss           0x00000000c000a608        0x0 build/process.o
 .bss           0x00000000c000a608        0x0 build/syscall.o
 .bss           0x00000000c000a608        0x0 build/syscall-init.o
 .bss           0x00000000c000a608        0x0 build/stdio.o
 .bss           0x00000000c000a608        0x0 build/stdio-kernel.o
 .bss           0x00000000c000a608        0x6 build/ide.o
                0x00000000c000a608                ext_lba_base
                0x00000000c000a60c                p_no
                0x00000000c000a60d                l_no
 .bss           0x00000000c000a60e        0x0 build/fs.o
 .bss           0x00000000c000a60e        0x0 build/inode.o
 .bss           0x00000000c000a60e        0x0 build/file.o
 .bss           0x00000000c000a60e        0x0 build/dir.o
 *(COMMON)
 *fill*         0x00000000c000a60e       0x12 
 COMMON         0x00000000c000a620      0x424 build/interrupt.o
                0x00000000c000a620                intr_name
                0x00000000c000a840                idt_table
 COMMON         0x00000000c000aa44        0x4 build/timer.o
                0x00000000c000aa44                ticks
 *fill*         0x00000000c000aa48       0x18 
 COMMON         0x00000000c000aa60      0x12c build/memory.o
                0x00000000c000aa60                user_pool
                0x00000000c000aaa0                k_block_descs
                0x00000000c000ab48                kernel_vaddr
                0x00000000c000ab60                kernel_pool
 COMMON         0x00000000c000ab8c       0x44 build/thread.o
                0x00000000c000ab8c                thread_ready_list
                0x00000000c000ab9c                thread_all_list
                0x00000000c000abac                idle_thread
                0x00000000c000abb0                main_thread
                0x00000000c000abb4                pid_lock
 *fill*         0x00000000c000abd0       0x10 
 COMMON         0x00000000c000abe0       0x6c build/keyboard.o
                0x00000000c000abe0                kbd_buf
 *fill*         0x00000000c000ac4c       0x14 
 COMMON         0x00000000c000ac60       0x80 build/syscall-init.o
                0x00000000c000ac60                syscall_table
 COMMON         0x00000000c000ace0      0xcf0 build/ide.o
                0x00000000c000ace0                channel_cnt
                0x00000000c000ad00                channels
                0x00000000c000b9c0                partition_list
 COMMON         0x00000000c000b9d0        0x4 build/fs.o
                0x00000000c000b9d0                cur_part
 *fill*         0x00000000c000b9d4        0xc 
 COMMON         0x00000000c000b9e0      0x180 build/file.o
                0x00000000c000b9e0                file_table
 COMMON         0x00000000c000bb60      0x208 build/dir.o
                0x00000000c000bb60                root_dir
                0x00000000c000bd68                . = ALIGN ((. != 0x0)?0x4:0x1)
                0x00000000c000bd68                . = ALIGN (0x4)
                0x00000000c000bd68                . = SEGMENT_START ("ldata-segment", .)
                0x00000000c000bd68                . = ALIGN (0x4)
                0x00000000c000bd68                _end = .
                [!provide]                        PROVIDE (end = .)
                0x00000000c000bd68                . = DATA_SEGMENT_END (.)

.stab           0x0000000000000000      0xac8
 *(.stab)
 .stab          0x0000000000000000      0x36c build/kernel.o
 .stab          0x000000000000036c      0x6a8 build/print.o
                                        0x6b4 (size before relaxing)
 .stab          0x0000000000000a14       0xb4 build/switch.o
                                         0xc0 (size before relaxing)

.stabstr        0x0000000000000000       0x34
 *(.stabstr)
 .stabstr       0x0000000000000000       0x34 build/kernel.o

.stab.excl
 *(.stab.excl)

.stab.exclstr
 *(.stab.exclstr)

.stab.index
 *(.stab.index)

.stab.indexstr
 *(.stab.indexstr)

.comment        0x0000000000000000       0x2a
 *(.comment)
 .comment       0x0000000000000000       0x2a build/main.o
                                         0x2b (size before relaxing)
 .comment       0x000000000000002a       0x2b build/init.o
 .comment       0x000000000000002a       0x2b build/interrupt.o
 .comment       0x000000000000002a       0x2b build/timer.o
 .comment       0x000000000000002a       0x2b build/debug.o
 .comment       0x000000000000002a       0x2b build/string.o
 .comment       0x000000000000002a       0x2b build/bitmap.o
 .comment       0x000000000000002a       0x2b build/memory.o
 .comment       0x000000000000002a       0x2b build/thread.o
 .comment       0x000000000000002a       0x2b build/list.o
 .comment       0x000000000000002a       0x2b build/sync.o
 .comment       0x000000000000002a       0x2b build/console.o
 .comment       0x000000000000002a       0x2b build/keyboard.o
 .comment       0x000000000000002a       0x2b build/ioqueue.o
 .comment       0x000000000000002a       0x2b build/tss.o
 .comment       0x000000000000002a       0x2b build/process.o
 .comment       0x000000000000002a       0x2b build/syscall.o
 .comment       0x000000000000002a       0x2b build/syscall-init.o
 .comment       0x000000000000002a       0x2b build/stdio.o
 .comment       0x000000000000002a       0x2b build/stdio-kernel.o
 .comment       0x000000000000002a       0x2b build/ide.o
 .comment       0x000000000000002a       0x2b build/fs.o
 .comment       0x000000000000002a       0x2b build/inode.o
 .comment       0x000000000000002a       0x2b build/file.o
 .comment       0x000000000000002a       0x2b build/dir.o

.debug
 *(.debug)

.line
 *(.line)

.debug_srcinfo
 *(.debug_srcinfo)

.debug_sfnames
 *(.debug_sfnames)

.debug_aranges  0x0000000000000000      0x320
 *(.debug_aranges)
 .debug_aranges
                0x0000000000000000       0x20 build/main.o
 .debug_aranges
                0x0000000000000020       0x20 build/init.o
 .debug_aranges
                0x0000000000000040       0x20 build/interrupt.o
 .debug_aranges
                0x0000000000000060       0x20 build/timer.o
 .debug_aranges
                0x0000000000000080       0x20 build/debug.o
 .debug_aranges
                0x00000000000000a0       0x20 build/string.o
 .debug_aranges
                0x00000000000000c0       0x20 build/bitmap.o
 .debug_aranges
                0x00000000000000e0       0x20 build/memory.o
 .debug_aranges
                0x0000000000000100       0x20 build/thread.o
 .debug_aranges
                0x0000000000000120       0x20 build/list.o
 .debug_aranges
                0x0000000000000140       0x20 build/sync.o
 .debug_aranges
                0x0000000000000160       0x20 build/console.o
 .debug_aranges
                0x0000000000000180       0x20 build/keyboard.o
 .debug_aranges
                0x00000000000001a0       0x20 build/ioqueue.o
 .debug_aranges
                0x00000000000001c0       0x20 build/tss.o
 .debug_aranges
                0x00000000000001e0       0x20 build/process.o
 .debug_aranges
                0x0000000000000200       0x20 build/syscall.o
 .debug_aranges
                0x0000000000000220       0x20 build/syscall-init.o
 .debug_aranges
                0x0000000000000240       0x20 build/stdio.o
 .debug_aranges
                0x0000000000000260       0x20 build/stdio-kernel.o
 .debug_aranges
                0x0000000000000280       0x20 build/ide.o
 .debug_aranges
                0x00000000000002a0       0x20 build/fs.o
 .debug_aranges
                0x00000000000002c0       0x20 build/inode.o
 .debug_aranges
                0x00000000000002e0       0x20 build/file.o
 .debug_aranges
                0x0000000000000300       0x20 build/dir.o

.debug_pubnames
                0x0000000000000000      0xaba
 *(.debug_pubnames)
 .debug_pubnames
                0x0000000000000000       0x1b build/main.o
 .debug_pubnames
                0x000000000000001b       0x1f build/init.o
 .debug_pubnames
                0x000000000000003a       0x99 build/interrupt.o
 .debug_pubnames
                0x00000000000000d3       0x3b build/timer.o
 .debug_pubnames
                0x000000000000010e       0x21 build/debug.o
 .debug_pubnames
                0x000000000000012f       0x82 build/string.o
 .debug_pubnames
                0x00000000000001b1       0x56 build/bitmap.o
 .debug_pubnames
                0x0000000000000207      0x115 build/memory.o
 .debug_pubnames
                0x000000000000031c      0x101 build/thread.o
 .debug_pubnames
                0x000000000000041d       0xaf build/list.o
 .debug_pubnames
                0x00000000000004cc       0x6a build/sync.o
 .debug_pubnames
                0x0000000000000536       0x88 build/console.o
 .debug_pubnames
                0x00000000000005be       0x91 build/keyboard.o
 .debug_pubnames
                0x000000000000064f       0x5e build/ioqueue.o
 .debug_pubnames
                0x00000000000006ad       0x32 build/tss.o
 .debug_pubnames
                0x00000000000006df       0x94 build/process.o
 .debug_pubnames
                0x0000000000000773       0x3b build/syscall.o
 .debug_pubnames
                0x00000000000007ae       0x52 build/syscall-init.o
 .debug_pubnames
                0x0000000000000800       0x36 build/stdio.o
 .debug_pubnames
                0x0000000000000836       0x1d build/stdio-kernel.o
 .debug_pubnames
                0x0000000000000853       0xa1 build/ide.o
 .debug_pubnames
                0x00000000000008f4       0x50 build/fs.o
 .debug_pubnames
                0x0000000000000944       0x4f build/inode.o
 .debug_pubnames
                0x0000000000000993       0x9e build/file.o
 .debug_pubnames
                0x0000000000000a31       0x89 build/dir.o

.debug_info     0x0000000000000000     0x8682
 *(.debug_info .gnu.linkonce.wi.*)
 .debug_info    0x0000000000000000       0xa6 build/main.o
 .debug_info    0x00000000000000a6       0x7d build/init.o
 .debug_info    0x0000000000000123      0x3ca build/interrupt.o
 .debug_info    0x00000000000004ed      0x3e5 build/timer.o
 .debug_info    0x00000000000008d2       0xc8 build/debug.o
 .debug_info    0x000000000000099a      0x485 build/string.o
 .debug_info    0x0000000000000e1f      0x274 build/bitmap.o
 .debug_info    0x0000000000001093      0xd71 build/memory.o
 .debug_info    0x0000000000001e04      0x815 build/thread.o
 .debug_info    0x0000000000002619      0x35c build/list.o
 .debug_info    0x0000000000002975      0x51d build/sync.o
 .debug_info    0x0000000000002e92      0x410 build/console.o
 .debug_info    0x00000000000032a2      0x512 build/keyboard.o
 .debug_info    0x00000000000037b4      0x5ff build/ioqueue.o
 .debug_info    0x0000000000003db3      0x5bb build/tss.o
 .debug_info    0x000000000000436e      0x601 build/process.o
 .debug_info    0x000000000000496f      0x197 build/syscall.o
 .debug_info    0x0000000000004b06      0x127 build/syscall-init.o
 .debug_info    0x0000000000004c2d      0x241 build/stdio.o
 .debug_info    0x0000000000004e6e       0xdb build/stdio-kernel.o
 .debug_info    0x0000000000004f49      0xd8d build/ide.o
 .debug_info    0x0000000000005cd6      0xcdc build/fs.o
 .debug_info    0x00000000000069b2      0x929 build/inode.o
 .debug_info    0x00000000000072db      0x97b build/file.o
 .debug_info    0x0000000000007c56      0xa2c build/dir.o

.debug_abbrev   0x0000000000000000     0x1c66
 *(.debug_abbrev)
 .debug_abbrev  0x0000000000000000       0x62 build/main.o
 .debug_abbrev  0x0000000000000062       0x48 build/init.o
 .debug_abbrev  0x00000000000000aa      0x148 build/interrupt.o
 .debug_abbrev  0x00000000000001f2      0x133 build/timer.o
 .debug_abbrev  0x0000000000000325       0x60 build/debug.o
 .debug_abbrev  0x0000000000000385       0xe7 build/string.o
 .debug_abbrev  0x000000000000046c       0xea build/bitmap.o
 .debug_abbrev  0x0000000000000556      0x208 build/memory.o
 .debug_abbrev  0x000000000000075e      0x198 build/thread.o
 .debug_abbrev  0x00000000000008f6       0xfc build/list.o
 .debug_abbrev  0x00000000000009f2      0x101 build/sync.o
 .debug_abbrev  0x0000000000000af3      0x108 build/console.o
 .debug_abbrev  0x0000000000000bfb      0x12f build/keyboard.o
 .debug_abbrev  0x0000000000000d2a      0x14c build/ioqueue.o
 .debug_abbrev  0x0000000000000e76      0x122 build/tss.o
 .debug_abbrev  0x0000000000000f98      0x13f build/process.o
 .debug_abbrev  0x00000000000010d7       0xc3 build/syscall.o
 .debug_abbrev  0x000000000000119a       0xdf build/syscall-init.o
 .debug_abbrev  0x0000000000001279       0xe8 build/stdio.o
 .debug_abbrev  0x0000000000001361       0xab build/stdio-kernel.o
 .debug_abbrev  0x000000000000140c      0x23f build/ide.o
 .debug_abbrev  0x000000000000164b      0x1e5 build/fs.o
 .debug_abbrev  0x0000000000001830      0x163 build/inode.o
 .debug_abbrev  0x0000000000001993      0x15a build/file.o
 .debug_abbrev  0x0000000000001aed      0x179 build/dir.o

.debug_line     0x0000000000000000     0x184e
 *(.debug_line .debug_line.* .debug_line_end)
 .debug_line    0x0000000000000000       0x4b build/main.o
 .debug_line    0x000000000000004b       0x4a build/init.o
 .debug_line    0x0000000000000095       0xfd build/interrupt.o
 .debug_line    0x0000000000000192       0xb3 build/timer.o
 .debug_line    0x0000000000000245       0x4b build/debug.o
 .debug_line    0x0000000000000290       0xbf build/string.o
 .debug_line    0x000000000000034f       0xa1 build/bitmap.o
 .debug_line    0x00000000000003f0      0x257 build/memory.o
 .debug_line    0x0000000000000647      0x14c build/thread.o
 .debug_line    0x0000000000000793       0xb0 build/list.o
 .debug_line    0x0000000000000843       0xee build/sync.o
 .debug_line    0x0000000000000931       0xb6 build/console.o
 .debug_line    0x00000000000009e7      0x12f build/keyboard.o
 .debug_line    0x0000000000000b16      0x102 build/ioqueue.o
 .debug_line    0x0000000000000c18       0xc4 build/tss.o
 .debug_line    0x0000000000000cdc       0xf8 build/process.o
 .debug_line    0x0000000000000dd4       0x6c build/syscall.o
 .debug_line    0x0000000000000e40       0x7b build/syscall-init.o
 .debug_line    0x0000000000000ebb       0x9a build/stdio.o
 .debug_line    0x0000000000000f55       0x60 build/stdio-kernel.o
 .debug_line    0x0000000000000fb5      0x207 build/ide.o
 .debug_line    0x00000000000011bc      0x246 build/fs.o
 .debug_line    0x0000000000001402      0x143 build/inode.o
 .debug_line    0x0000000000001545      0x163 build/file.o
 .debug_line    0x00000000000016a8      0x1a6 build/dir.o

.debug_frame    0x0000000000000000     0x11ac
 *(.debug_frame)
 .debug_frame   0x0000000000000000       0x2c build/main.o
 .debug_frame   0x000000000000002c       0x2c build/init.o
 .debug_frame   0x0000000000000058      0x13c build/interrupt.o
 .debug_frame   0x0000000000000194       0x74 build/timer.o
 .debug_frame   0x0000000000000208       0x2c build/debug.o
 .debug_frame   0x0000000000000234      0x104 build/string.o
 .debug_frame   0x0000000000000338       0x88 build/bitmap.o
 .debug_frame   0x00000000000003c0      0x20c build/memory.o
 .debug_frame   0x00000000000005cc      0x14c build/thread.o
 .debug_frame   0x0000000000000718      0x104 build/list.o
 .debug_frame   0x000000000000081c       0xac build/sync.o
 .debug_frame   0x00000000000008c8       0xa4 build/console.o
 .debug_frame   0x000000000000096c       0x5c build/keyboard.o
 .debug_frame   0x00000000000009c8       0xd4 build/ioqueue.o
 .debug_frame   0x0000000000000a9c       0x60 build/tss.o
 .debug_frame   0x0000000000000afc       0xa4 build/process.o
 .debug_frame   0x0000000000000ba0       0x80 build/syscall.o
 .debug_frame   0x0000000000000c20       0x5c build/syscall-init.o
 .debug_frame   0x0000000000000c7c       0x80 build/stdio.o
 .debug_frame   0x0000000000000cfc       0x34 build/stdio-kernel.o
 .debug_frame   0x0000000000000d30      0x1d4 build/ide.o
 .debug_frame   0x0000000000000f04       0xcc build/fs.o
 .debug_frame   0x0000000000000fd0       0x8c build/inode.o
 .debug_frame   0x000000000000105c       0xa4 build/file.o
 .debug_frame   0x0000000000001100       0xac build/dir.o

.debug_str      0x0000000000000000     0x1851
 *(.debug_str)
 .debug_str     0x0000000000000000       0xb9 build/main.o
                                         0xd7 (size before relaxing)
 .debug_str     0x00000000000000b9       0x17 build/init.o
                                         0xb3 (size before relaxing)
 .debug_str     0x00000000000000d0      0x1dd build/interrupt.o
                                        0x28d (size before relaxing)
 .debug_str     0x00000000000002ad      0x1ea build/timer.o
                                        0x2d8 (size before relaxing)
 .debug_str     0x0000000000000497       0x32 build/debug.o
                                         0xd3 (size before relaxing)
 .debug_str     0x00000000000004c9       0x76 build/string.o
                                        0x138 (size before relaxing)
 .debug_str     0x000000000000053f       0xa8 build/bitmap.o
                                        0x18c (size before relaxing)
 .debug_str     0x00000000000005e7      0x2a7 build/memory.o
                                        0x5a8 (size before relaxing)
 .debug_str     0x000000000000088e      0x144 build/thread.o
                                        0x440 (size before relaxing)
 .debug_str     0x00000000000009d2       0x9c build/list.o
                                        0x1a8 (size before relaxing)
 .debug_str     0x0000000000000a6e       0x69 build/sync.o
                                        0x32a (size before relaxing)
 .debug_str     0x0000000000000ad7       0x86 build/console.o
                                        0x316 (size before relaxing)
 .debug_str     0x0000000000000b5d       0xc5 build/keyboard.o
                                        0x36e (size before relaxing)
 .debug_str     0x0000000000000c22       0x69 build/ioqueue.o
                                        0x33e (size before relaxing)
 .debug_str     0x0000000000000c8b       0xea build/tss.o
                                        0x37b (size before relaxing)
 .debug_str     0x0000000000000d75      0x10e build/process.o
                                        0x3f9 (size before relaxing)
 .debug_str     0x0000000000000e83       0x4e build/syscall.o
                                        0x111 (size before relaxing)
 .debug_str     0x0000000000000ed1       0x50 build/syscall-init.o
                                        0x129 (size before relaxing)
 .debug_str     0x0000000000000f21       0x61 build/stdio.o
                                        0x13e (size before relaxing)
 .debug_str     0x0000000000000f82       0x21 build/stdio-kernel.o
                                         0xd1 (size before relaxing)
 .debug_str     0x0000000000000fa3      0x2d3 build/ide.o
                                        0x5b9 (size before relaxing)
 .debug_str     0x0000000000001276      0x321 build/fs.o
                                        0x765 (size before relaxing)
 .debug_str     0x0000000000001597       0xf0 build/inode.o
                                        0x580 (size before relaxing)
 .debug_str     0x0000000000001687       0xf8 build/file.o
                                        0x61a (size before relaxing)
 .debug_str     0x000000000000177f       0xd2 build/dir.o
                                        0x5f6 (size before relaxing)

.debug_loc      0x0000000000000000     0x1c04
 *(.debug_loc)
 .debug_loc     0x0000000000000000       0x2c build/main.o
 .debug_loc     0x000000000000002c       0x2c build/init.o
 .debug_loc     0x0000000000000058      0x210 build/interrupt.o
 .debug_loc     0x0000000000000268       0xb0 build/timer.o
 .debug_loc     0x0000000000000318       0x2c build/debug.o
 .debug_loc     0x0000000000000344      0x1b8 build/string.o
 .debug_loc     0x00000000000004fc       0xb0 build/bitmap.o
 .debug_loc     0x00000000000005ac      0x39c build/memory.o
 .debug_loc     0x0000000000000948      0x23c build/thread.o
 .debug_loc     0x0000000000000b84      0x1b8 build/list.o
 .debug_loc     0x0000000000000d3c      0x108 build/sync.o
 .debug_loc     0x0000000000000e44      0x108 build/console.o
 .debug_loc     0x0000000000000f4c       0x84 build/keyboard.o
 .debug_loc     0x0000000000000fd0      0x160 build/ioqueue.o
 .debug_loc     0x0000000000001130       0x84 build/tss.o
 .debug_loc     0x00000000000011b4      0x108 build/process.o
 .debug_loc     0x00000000000012bc       0xb0 build/syscall.o
 .debug_loc     0x000000000000136c       0x84 build/syscall-init.o
 .debug_loc     0x00000000000013f0       0xb0 build/stdio.o
 .debug_loc     0x00000000000014a0       0x2c build/stdio-kernel.o
 .debug_loc     0x00000000000014cc      0x318 build/ide.o
 .debug_loc     0x00000000000017e4      0x134 build/fs.o
 .debug_loc     0x0000000000001918       0xdc build/inode.o
 .debug_loc     0x00000000000019f4      0x108 build/file.o
 .debug_loc     0x0000000000001afc      0x108 build/dir.o

.debug_macinfo
 *(.debug_macinfo)

.debug_weaknames
 *(.debug_weaknames)

.debug_funcnames
 *(.debug_funcnames)

.debug_typenames
 *(.debug_typenames)

.debug_varnames
 *(.debug_varnames)

.debug_pubtypes
 *(.debug_pubtypes)

.debug_ranges   0x0000000000000000       0x30
 *(.debug_ranges)
 .debug_ranges  0x0000000000000000       0x30 build/keyboard.o

.debug_macro
 *(.debug_macro)

.debug_addr
 *(.debug_addr)

.gnu.attributes
 *(.gnu.attributes)

/DISCARD/
 *(.note.GNU-stack)
 *(.gnu_debuglink)
 *(.gnu.lto_*)
OUTPUT(build/kernel.bin elf32-i386)
